******************************************************************************
                  TI ARM Linker PC v16.9.0                     
******************************************************************************
>> Linked Fri Mar 03 22:36:52 2017

OUTPUT FILE NAME:   <MSP.out>
ENTRY POINT SYMBOL: "_c_int00"  address: 00006b85


MEMORY CONFIGURATION

         name            origin    length      used     unused   attr    fill
----------------------  --------  ---------  --------  --------  ----  --------
  MAIN                  00000000   00040000  0000bf78  00034088  R  X
  INFO                  00200000   00004000  00000000  00004000  R  X
  SRAM_CODE             01000000   00010000  00000000  00010000  RW X
  SRAM_DATA             20000000   00010000  00002133  0000decd  RW  


SEGMENT ALLOCATION MAP

run origin  load origin   length   init length attrs members
----------  ----------- ---------- ----------- ----- -------
00000000    00000000    0000bf80   0000bf80    r-x
  00000000    00000000    0000003c   0000003c    r-- .resetVecs
  00000040    00000040    00009b6a   00009b6a    r-x .text
  00009bac    00009bac    0000215a   0000215a    r-- .const
  0000bd08    0000bd08    00000278   00000278    r-- .cinit
20000000    20000000    00000140   00000000    rw-
  20000000    20000000    00000140   00000000    rw- .vecs
20000200    20000200    00001cf5   00000000    rw-
  20000200    20000200    00001752   00000000    rw- .bss
  20001954    20001954    000005a1   00000000    rw- .data
2000fd00    2000fd00    00000300   00000000    rw-
  2000fd00    2000fd00    00000300   00000000    rw- .stack


SECTION ALLOCATION MAP

 output                                  attributes/
section   page    origin      length       input sections
--------  ----  ----------  ----------   ----------------
.text      0    00000040    00009b6a     
                  00000040    00000430     sysbios.aem4f : BIOS.obj (.text:ti_sysbios_family_arm_m3_Hwi_excDumpRegs__I)
                  00000470    0000034c     ti.targets.arm.rtsarm.aem4f : System.oem4f (.text:xdc_runtime_System_doPrint__I)
                  000007bc    00000324     ti.mw.fatfs.aem4f : ff.oem4f (.text:find_volume)
                  00000ae0    00000324     rtsv7M4_T_le_v4SPD16_eabi.lib : trgdrv.obj (.text)
                  00000e04    00000004     msp432p4xx_driverlib.lib : cpu.o (.text:CPU_wfi)
                  00000e08    000002b0     sysbios.aem4f : BIOS.obj (.text:ti_sysbios_knl_Semaphore_pend__E)
                  000010b8    00000264     drivers_MSP432P401R.aem4f : PowerMSP432.oem4f (.text:Power_sleep)
                  0000131c    00000260                               : UARTMSP432.oem4f (.text:UARTMSP432_open)
                  0000157c    00000004     msp432p4xx_driverlib.lib : spi.o (.text:EUSCI_A_SPI_getReceiveBufferAddressForDMA)
                  00001580    00000258     sysbios.aem4f : BIOS.obj (.text:ti_sysbios_heaps_HeapMem_free__E)
                  000017d8    00000248                   : BIOS.obj (.text:ti_sysbios_heaps_HeapMem_alloc__E)
                  00001a20    0000023c     drivers_MSP432P401R.aem4f : SDSPIMSP432.oem4f (.text:SDSPIMSP432_diskInitialize)
                  00001c5c    00000004     msp432p4xx_driverlib.lib : spi.o (.text:EUSCI_A_SPI_getTransmitBufferAddressForDMA)
                  00001c60    00000224     sysbios.aem4f : BIOS.obj (.text:ti_sysbios_knl_Task_Instance_finalize__E)
                  00001e84    00000004     msp432p4xx_driverlib.lib : spi.o (.text:EUSCI_A_SPI_transmitData)
                  00001e88    000001fc     sysbios.aem4f : BIOS.obj (.text:ti_sysbios_family_arm_m3_Hwi_excHandlerMax__I)
                  00002084    00000004     msp432p4xx_driverlib.lib : spi.o (.text:EUSCI_B_SPI_getReceiveBufferAddressForDMA)
                  00002088    000001d4     sysbios.aem4f : BIOS.obj (.text:ti_sysbios_knl_Task_sleep__E)
                  0000225c    00000004     msp432p4xx_driverlib.lib : spi.o (.text:EUSCI_B_SPI_getTransmitBufferAddressForDMA)
                  00002260    000001c8     sysbios.aem4f : BIOS.obj (.text:ti_sysbios_knl_Task_Instance_init__E)
                  00002428    000001c4     drivers_MSP432P401R.aem4f : SDSPIMSP432.oem4f (.text:send_cmd)
                  000025ec    000001a0     msp432p4xx_driverlib.lib : pcm.o (.text:__PCM_setPowerStateAdvanced)
                  0000278c    0000019c     drivers_MSP432P401R.aem4f : SDSPIMSP432.oem4f (.text:SDSPIMSP432_open)
                  00002928    00000188     main.obj (.text:main)
                  00002ab0    0000017c     drivers_MSP432P401R.aem4f : SPIMSP432DMA.oem4f (.text:SPIMSP432DMA_open)
                  00002c2c    00000178                               : I2CMSP432.oem4f (.text:I2CMSP432_open)
                  00002da4    00000004     msp432p4xx_driverlib.lib : spi.o (.text:EUSCI_B_SPI_transmitData)
                  00002da8    00000174     sysbios.aem4f : BIOS.obj (.text:ti_sysbios_family_arm_m3_Hwi_excBusFault__I)
                  00002f1c    00000004     tirtosport.aem4f : HwiP_tirtos.oem4f (.text:HwiP_disable)
                  00002f20    00000164     sysbios.aem4f : BIOS.obj (.text:ti_sysbios_family_arm_m3_Hwi_excUsageFault__I)
                  00003084    00000162     drivers_MSP432P401R.aem4f : SDSPIMSP432.oem4f (.text:xmit_datablock)
                  000031e6    00000002     power_tirtos_MSP432P401R.aem4f : PowerMSP432_tirtos.oem4f (.text:PowerMSP432_initPolicy)
                  000031e8    00000154     sysbios.aem4f : BIOS.obj (.text:ti_sysbios_knl_Mailbox_Instance_init__E)
                  0000333c    00000004     msp432p4xx_driverlib.lib : i2c.o (.text:I2C_setSlaveAddress)
                  00003340    00000148     sysbios.aem4f : BIOS.obj (.text:ti_sysbios_family_arm_m3_Hwi_excMemFault__I)
                  00003488    00000140     drivers_MSP432P401R.aem4f : GPIOMSP432.oem4f (.text:GPIO_setConfig)
                  000035c8    0000013c     sysbios.aem4f : BIOS.obj (.text:ti_sysbios_heaps_HeapMem_Instance_init__E)
                  00003704    00000118     drivers_MSP432P401R.aem4f : I2CMSP432.oem4f (.text:I2CMSP432_hwiIntFxn)
                  0000381c    00000118     ti.targets.arm.rtsarm.aem4f : Error.oem4f (.text:xdc_runtime_Error_policyDefault__E)
                  00003934    00000110     drivers_MSP432P401R.aem4f : SDSPIMSP432.oem4f (.text:SDSPIMSP432_diskIOctrl)
                  00003a44    00000004                               : List.oem4f (.text:List_head)
                  00003a48    00000108     sysbios.aem4f : BIOS.obj (.text:ti_sysbios_knl_Clock_Instance_init__E)
                  00003b50    00000100     drivers_MSP432P401R.aem4f : SDSPIMSP432.oem4f (.text:SDSPIMSP432_diskWrite)
                  00003c50    00000100     ti.targets.arm.rtsarm.aem4f : Core-mem.oem4f (.text:xdc_runtime_Core_createObject__I)
                  00003d50    000000f8                                 : Startup.oem4f (.text:xdc_runtime_Startup_startMods__I)
                  00003e48    000000f8     empty_pem4f.oem4f (.text:xdc_runtime_System_printfExtend__I)
                  00003f40    000000f0     drivers_MSP432P401R.aem4f : PowerMSP432.oem4f (.text:initPerfControl)
                  00004030    000000f0                               : SDSPIMSP432.oem4f (.text:rcvr_datablock)
                  00004120    000000ec     sysbios.aem4f : m3_Hwi_asm.obj (.text:ti_sysbios_family_arm_m3_Hwi_dispatch__I)
                  0000420c    00000004     drivers_MSP432P401R.aem4f : List.oem4f (.text:List_next)
                  00004210    000000ec     sysbios.aem4f : BIOS.obj (.text:ti_sysbios_knl_Semaphore_post__E)
                  000042fc    000000e0     msp432p4xx_driverlib.lib : cs.o (.text:CS_initClockSignal)
                  000043dc    000000e0     drivers_MSP432P401R.aem4f : SDSPIMSP432.oem4f (.text:SDSPIMSP432_diskRead)
                  000044bc    000000dc     msp432p4xx_driverlib.lib : pcm.o (.text:__PCM_setPowerModeAdvanced)
                  00004598    000000cc                              : dma.o (.text:DMA_assignChannel)
                  00004664    000000cc     ti.targets.arm.rtsarm.aem4f : Core-smem.oem4f (.text:xdc_runtime_Core_constructObject__I)
                  00004730    000000bc     sysbios.aem4f : BIOS.obj (.text:ti_sysbios_family_arm_m3_Hwi_excDebugMon__I)
                  000047ec    00000004     drivers_MSP432P401R.aem4f : PowerMSP432.oem4f (.text:PowerMSP432_getNumPerfLevels)
                  000047f0    000000bc     sysbios.aem4f : BIOS.obj (.text:ti_sysbios_family_arm_m3_Hwi_excHardFault__I)
                  000048ac    000000b4     drivers_MSP432P401R.aem4f : SPIMSP432DMA.oem4f (.text:configDMA)
                  00004960    000000b4     sysbios.aem4f : BIOS.obj (.text:ti_sysbios_gates_GateMutex_enter__E)
                  00004a14    00000004     ti.mw.fatfs.aem4f : ffosal.oem4f (.text:ff_rel_grant)
                  00004a18    000000b4     sysbios.aem4f : BIOS.obj (.text:ti_sysbios_knl_Task_checkStacks__E)
                  00004acc    000000b0     drivers_MSP432P401R.aem4f : UARTMSP432.oem4f (.text:UARTMSP432_readPolling)
                  00004b7c    000000b0     msp432p4xx_driverlib.lib : pcm.o (.text:__PCM_setCoreVoltageLevelAdvanced)
                  00004c2c    00000004     empty_pem4f.oem4f (.text:ti_sysbios_BIOS_RtsGateProxy_enter__E)
                  00004c30    000000a8     sysbios.aem4f : BIOS.obj (.text:ti_sysbios_family_arm_msp432_Timer_periodicStub__E)
                  00004cd8    000000a4     drivers_MSP432P401R.aem4f : UARTMSP432.oem4f (.text:UARTMSP432_control)
                  00004d7c    00000004     empty_pem4f.oem4f (.text:ti_sysbios_BIOS_RtsGateProxy_leave__E)
                  00004d80    000000a4     sysbios.aem4f : BIOS.obj (.text:ti_sysbios_knl_Clock_Instance_finalize__E)
                  00004e24    000000a0     auto_init.aem4f : auto_init.oem4f (.text)
                  00004ec4    000000a0     ti.targets.arm.rtsarm.aem4f : Text.oem4f (.text:xdc_runtime_Text_putMod__E)
                  00004f64    0000009c     drivers_MSP432P401R.aem4f : UARTMSP432.oem4f (.text:readTaskBlocking)
                  00005000    0000009c     rtsv7M4_T_le_v4SPD16_eabi.lib : memcpy_t2.obj (.text)
                  0000509c    00000004     empty_pem4f.oem4f (.text:ti_sysbios_family_arm_m3_Hwi_destruct)
                  000050a0    0000009c     sysbios.aem4f : BIOS.obj (.text:ti_sysbios_knl_Semaphore_Instance_init__E)
                  0000513c    00000004     empty_pem4f.oem4f (.text:ti_sysbios_family_arm_m3_TaskSupport_Module__startupDone__S)
                  00005140    0000009c     sysbios.aem4f : BIOS.obj (.text:ti_sysbios_knl_Task_postInit__I)
                  000051dc    0000009a     ti.targets.arm.rtsarm.aem4f : Text.oem4f (.text:xdc_runtime_Text_putSite__E)
                  00005276    00000002     drivers_MSP432P401R.aem4f : SPIMSP432DMA.oem4f (.text:SPIMSP432DMA_serviceISR)
                  00005278    00000094     msp432p4xx_driverlib.lib : uart.o (.text:UART_initModule)
                  0000530c    00000004     empty_pem4f.oem4f (.text:ti_sysbios_heaps_HeapMem_Module_GateProxy_enter__E)
                  00005310    00000094     sysbios.aem4f : BIOS.obj (.text:ti_sysbios_family_arm_m3_Hwi_Instance_init__E)
                  000053a4    00000004     empty_pem4f.oem4f (.text:ti_sysbios_heaps_HeapMem_Module_GateProxy_leave__E)
                  000053a8    00000094     sysbios.aem4f : BIOS.obj (.text:ti_sysbios_family_arm_m3_Hwi_initNVIC__E)
                  0000543c    00000092     drivers_MSP432P401R.aem4f : I2CMSP432.oem4f (.text:I2CMSP432_cancel)
                  000054ce    00000002     rtsv7M4_T_le_v4SPD16_eabi.lib : i_div0.obj (.text)
                  000054d0    00000090     main.obj (.text:reader)
                  00005560    0000008c     drivers_MSP432P401R.aem4f : I2CMSP432.oem4f (.text:I2CMSP432_transfer)
                  000055ec    0000008c     sysbios.aem4f : m3_TaskSupport_asm.obj (.text:ti_sysbios_family_arm_m3_TaskSupport_buildTaskStack)
                  00005678    0000008c                   : BIOS.obj (.text:ti_sysbios_knl_Mailbox_pend__E)
                  00005704    0000008a     drivers_MSP432P401R.aem4f : UARTMSP432.oem4f (.text:UARTMSP432_close)
                  0000578e    00000088     msp432p4xx_driverlib.lib : spi.o (.text:SPI_initMaster)
                  00005816    00000002     empty_pem4f.oem4f (.text:ti_sysbios_BIOS_nullFunc__I)
                  00005818    00000088     sysbios.aem4f : BIOS.obj (.text:ti_sysbios_family_arm_msp432_Timer_Module_startup__E)
                  000058a0    00000088                   : BIOS.obj (.text:ti_sysbios_knl_Mailbox_post__E)
                  00005928    00000088     drivers_MSP432P401R.aem4f : SDSPIMSP432.oem4f (.text:wait_ready)
                  000059b0    00000084                               : UARTMSP432.oem4f (.text:initHw)
                  00005a34    00000004     empty_pem4f.oem4f (.text:ti_sysbios_knl_Clock_TimerProxy_getMaxTicks__E)
                  00005a38    00000084     sysbios.aem4f : BIOS.obj (.text:ti_sysbios_family_arm_m3_Hwi_postInit__I)
                  00005abc    00000084     drivers_MSP432P401R.aem4f : UARTMSP432.oem4f (.text:writeData)
                  00005b40    00000082                               : UARTMSP432.oem4f (.text:readIsrTextCallback)
                  00005bc2    00000002     --HOLE-- [fill = 0]
                  00005bc4    00000080     msp432p4xx_driverlib.lib : dma.o (.text:DMA_setChannelTransfer)
                  00005c44    0000007c                              : pcm.o (.text:PCM_gotoLPM3)
                  00005cc0    0000007c     ti.mw.fatfs.aem4f : ff.oem4f (.text:f_mount)
                  00005d3c    0000007a     drivers_MSP432P401R.aem4f : UARTMSP432.oem4f (.text:UARTMSP432_write)
                  00005db6    0000007a                               : UARTMSP432.oem4f (.text:readTaskCallback)
                  00005e30    0000007a     rtsv7M4_T_le_v4SPD16_eabi.lib : memset_t2.obj (.text)
                  00005eaa    00000002     --HOLE-- [fill = 0]
                  00005eac    00000074     ti.mw.fatfs.aem4f : ff.oem4f (.text:check_fs)
                  00005f20    00000074     drivers_MSP432P401R.aem4f : UARTMSP432.oem4f (.text:readIsrTextBlocking)
                  00005f94    00000004     empty_pem4f.oem4f (.text:ti_sysbios_knl_Clock_destruct)
                  00005f98    00000074     sysbios.aem4f : BIOS.obj (.text:ti_sysbios_knl_Clock_start__E)
                  0000600c    00000070     drivers_MSP432P401R.aem4f : SDSPIMSP432.oem4f (.text:SDSPIMSP432_close)
                  0000607c    00000004     empty_pem4f.oem4f (.text:ti_sysbios_knl_Queue_destruct)
                  00006080    00000070     sysbios.aem4f : BIOS.obj (.text:ti_sysbios_knl_Mailbox_Instance_finalize__E)
                  000060f0    00000070                   : BIOS.obj (.text:ti_sysbios_knl_Task_exit__E)
                  00006160    0000006d     ti.targets.arm.rtsarm.aem4f : System.oem4f (.text:xdc_runtime_System_formatNum__I)
                  000061cd    00000003     --HOLE-- [fill = 0]
                  000061d0    0000006c     sysbios.aem4f : BIOS.obj (.text:ti_sysbios_knl_Clock_workFunc__E)
                  0000623c    00000004     empty_pem4f.oem4f (.text:ti_sysbios_knl_Semaphore_destruct)
                  00006240    0000006c     sysbios.aem4f : BIOS.obj (.text:ti_sysbios_knl_Swi_restoreHwi__E)
                  000062ac    0000006c     ti.targets.arm.rtsarm.aem4f : Error.oem4f (.text:xdc_runtime_Error_print__E)
                  00006318    0000006c                                 : Memory.oem4f (.text:xdc_runtime_Memory_alloc__E)
                  00006384    00000068     rtsv7M4_T_le_v4SPD16_eabi.lib : copy_decompress_lzss.obj (.text:decompress:lzss)
                  000063ec    00000068     drivers_MSP432P401R.aem4f : I2CMSP432.oem4f (.text:primeTransfer)
                  00006454    00000068     rtsv7M4_T_le_v4SPD16_eabi.lib : trgmsg.obj (.text)
                  000064bc    00000068     main.obj (.text:writer)
                  00006524    00000066     drivers_MSP432P401R.aem4f : I2CMSP432.oem4f (.text:I2CMSP432_close)
                  0000658a    00000066     ti.targets.arm.rtsarm.aem4f : Core-mem.oem4f (.text:xdc_runtime_Core_deleteObject__I)
                  000065f0    00000064     drivers_MSP432P401R.aem4f : UARTMSP432.oem4f (.text:UARTMSP432_writePolling)
                  00006654    00000004     ti.targets.arm.rtsarm.aem4f : Error.oem4f (.text:xdc_runtime_Error_getSite__E)
                  00006658    00000064     sysbios.aem4f : BIOS.obj (.text:ti_sysbios_family_arm_m3_Hwi_dispatchC__I)
                  000066bc    00000064     empty_pem4f.oem4f (.text:ti_sysbios_knl_Mailbox_create)
                  00006720    00000062     tirtosport.aem4f : HwiP_tirtos.oem4f (.text:HwiP_create)
                  00006782    00000006     msp432p4xx_driverlib.lib : spi.o (.text:EUSCI_A_SPI_receiveData)
                  00006788    00000060     sysbios.aem4f : BIOS.obj (.text:ti_sysbios_knl_Task_schedule__I)
                  000067e8    0000005c     drivers_MSP432P401R.aem4f : GPIOMSP432.oem4f (.text:GPIO_init)
                  00006844    00000004     empty_pem4f.oem4f (.text:xdc_runtime_System_Module_GateProxy_enter__E)
                  00006848    0000005c     sysbios.aem4f : BIOS.obj (.text:ti_sysbios_knl_Swi_run__I)
                  000068a4    00000004     empty_pem4f.oem4f (.text:xdc_runtime_System_Module_GateProxy_leave__E)
                  000068a8    0000005c     sysbios.aem4f : BIOS.obj (.text:ti_sysbios_knl_Swi_schedule__I)
                  00006904    00000004     ti.targets.arm.rtsarm.aem4f : System.oem4f (.text:xdc_runtime_System_aprintf_va__F)
                  00006908    0000005c     sysbios.aem4f : BIOS.obj (.text:ti_sysbios_knl_Task_Module_startup__E)
                  00006964    00000004     ti.targets.arm.rtsarm.aem4f : System.oem4f (.text:xdc_runtime_System_printf_va__F)
                  00006968    0000005c     sysbios.aem4f : BIOS.obj (.text:ti_sysbios_knl_Task_startCore__E)
                  000069c4    0000005b     ti.targets.arm.rtsarm.aem4f : Text.oem4f (.text:xdc_runtime_Text_putLab__E)
                  00006a1f    00000001     --HOLE-- [fill = 0]
                  00006a20    0000005a     tirtosport.aem4f : ClockP_tirtos.oem4f (.text:ClockP_create)
                  00006a7a    0000005a     drivers_MSP432P401R.aem4f : SPIMSP432DMA.oem4f (.text:SPIMSP432DMA_close)
                  00006ad4    00000058                               : SPIMSP432DMA.oem4f (.text:SPIMSP432DMA_transfer)
                  00006b2c    00000058     tirtosport.aem4f : SemaphoreP_tirtos.oem4f (.text:SemaphoreP_create)
                  00006b84    00000058     boot.aem4f : boot.oem4f (.text)
                  00006bdc    00000058     empty_pem4f.oem4f (.text:ti_sysbios_family_arm_m3_Hwi_construct)
                  00006c34    00000058     sysbios.aem4f : m3_Hwi_asm_switch.obj (.text:ti_sysbios_family_arm_m3_Hwi_initStacks__E)
                  00006c8c    00000054     drivers_MSP432P401R.aem4f : GPIOMSP432.oem4f (.text:GPIO_hwiIntFxn)
                  00006ce0    00000054                               : GPIOMSP432.oem4f (.text:GPIO_setCallback)
                  00006d34    00000054                               : I2CMSP432.oem4f (.text:initHw)
                  00006d88    00000054     rtsv7M4_T_le_v4SPD16_eabi.lib : exit.obj (.text)
                  00006ddc    00000054     drivers_MSP432P401R.aem4f : SDSPIMSP432.oem4f (.text:send_initial_clock_train)
                  00006e30    00000054     ti.mw.fatfs.aem4f : ff.oem4f (.text:sync_window)
                  00006e84    00000004     --HOLE-- [fill = 0]
                  00006e88    00000054     sysbios.aem4f : BIOS.obj (.text:ti_sysbios_family_arm_msp432_Timer_initDevice__I)
                  00006edc    00000004     --HOLE-- [fill = 0]
                  00006ee0    00000054                   : BIOS.obj (.text:ti_sysbios_family_arm_msp432_init_Boot_configureClocksHigh)
                  00006f34    00000054     empty_pem4f.oem4f (.text:ti_sysbios_knl_Task_construct)
                  00006f88    00000054     ti.targets.arm.rtsarm.aem4f : Assert.oem4f (.text:xdc_runtime_Assert_raise__I)
                  00006fdc    00000052     drivers_MSP432P401R.aem4f : UARTMSP432.oem4f (.text:UARTMSP432_writeCancel)
                  0000702e    00000002     --HOLE-- [fill = 0]
                  00007030    00000050                               : GPIOMSP432.oem4f (.text:GPIO_write)
                  00007080    00000050     msp432p4xx_driverlib.lib : pcm.o (.text:PCM_shutdownDevice)
                  000070d0    00000050     sysbios.aem4f : BIOS.obj (.text:ti_sysbios_family_arm_m3_Hwi_Module_startup__E)
                  00007120    00000050     ti.targets.arm.rtsarm.aem4f : Startup.oem4f (.text:xdc_runtime_Startup_exec__E)
                  00007170    00000050                                 : Text.oem4f (.text:xdc_runtime_Text_visitRope2__I)
                  000071c0    0000004c     msp432p4xx_driverlib.lib : gpio.o (.text:GPIO_setAsPeripheralModuleFunctionOutputPin)
                  0000720c    0000004c     MSP_EXP432P401R.obj (.text:MSP_EXP432P401R_initSPI)
                  00007258    0000004c     drivers_MSP432P401R.aem4f : UDMAMSP432.oem4f (.text:UDMAMSP432_open)
                  000072a4    0000004c     diagnostics.obj (.text:initHeartbeat)
                  000072f0    0000004c     rtsv7M4_T_le_v4SPD16_eabi.lib : cpy_tbl.obj (.text)
                  0000733c    00000004     --HOLE-- [fill = 0]
                  00007340    0000004c     sysbios.aem4f : BIOS.obj (.text:ti_sysbios_family_arm_msp432_Timer_start__E)
                  0000738c    00000004     --HOLE-- [fill = 0]
                  00007390    0000004c                   : BIOS.obj (.text:ti_sysbios_heaps_HeapMem_getStats__E)
                  000073dc    00000004     --HOLE-- [fill = 0]
                  000073e0    0000004c                   : BIOS.obj (.text:ti_sysbios_knl_Swi_runLoop__I)
                  0000742c    00000004     --HOLE-- [fill = 0]
                  00007430    0000004c                   : BIOS.obj (.text:ti_sysbios_knl_Task_allBlockedFunction__I)
                  0000747c    0000004a     drivers_MSP432P401R.aem4f : SPIMSP432DMA.oem4f (.text:initHw)
                  000074c6    00000002     --HOLE-- [fill = 0]
                  000074c8    00000048     msp432p4xx_driverlib.lib : dma.o (.text:DMA_assignInterrupt)
                  00007510    00000048                              : gpio.o (.text:GPIO_setAsPeripheralModuleFunctionInputPin)
                  00007558    00000048     sysbios.aem4f : BIOS.obj (.text:ti_sysbios_family_arm_m3_Hwi_disableInterrupt__E)
                  000075a0    00000048                   : BIOS.obj (.text:ti_sysbios_family_arm_m3_Hwi_enableInterrupt__E)
                  000075e8    00000048                   : BIOS.obj (.text:ti_sysbios_family_arm_m3_Hwi_excReserved__I)
                  00007630    00000048                   : BIOS.obj (.text:ti_sysbios_knl_Mailbox_Module_startup__E)
                  00007678    00000046     drivers_MSP432P401R.aem4f : RingBuf.oem4f (.text:RingBuf_put)
                  000076be    00000046                               : UARTMSP432.oem4f (.text:readIsrBinaryBlocking)
                  00007704    00000046     ti.targets.arm.rtsarm.aem4f : Core-params.oem4f (.text:xdc_runtime_Core_assignParams__I)
                  0000774a    00000002     --HOLE-- [fill = 0]
                  0000774c    00000044     drivers_MSP432P401R.aem4f : PowerMSP432.oem4f (.text:Power_init)
                  00007790    00000044                               : SDSPIMSP432.oem4f (.text:initHw)
                  000077d4    00000004     --HOLE-- [fill = 0]
                  000077d8    00000044     sysbios.aem4f : BIOS.obj (.text:ti_sysbios_family_arm_m3_Hwi_getStackInfo__E)
                  0000781c    00000004     --HOLE-- [fill = 0]
                  00007820    00000044                   : BIOS.obj (.text:ti_sysbios_knl_Mailbox_postInit__I)
                  00007864    00000004     --HOLE-- [fill = 0]
                  00007868    00000044                   : BIOS.obj (.text:ti_sysbios_knl_Swi_post__E)
                  000078ac    00000044     ti.targets.arm.rtsarm.aem4f : Error.oem4f (.text:xdc_runtime_Error_setX__E)
                  000078f0    00000044                                 : SysMin.oem4f (.text:xdc_runtime_SysMin_flush__E)
                  00007934    00000044                                 : Text.oem4f (.text:xdc_runtime_Text_xprintf__I)
                  00007978    00000042     drivers_MSP432P401R.aem4f : UARTMSP432.oem4f (.text:UARTMSP432_hwiIntFxn)
                  000079ba    00000042                               : I2CMSP432.oem4f (.text:completeTransfer)
                  000079fc    00000042     hal.obj (.text:msp_GPIO_toggle)
                  00007a3e    00000002     --HOLE-- [fill = 0]
                  00007a40    00000040     msp432p4xx_driverlib.lib : flash.o (.text:FlashCtl_disableReadBuffering)
                  00007a80    00000040                              : i2c.o (.text:I2C_masterSendMultiByteFinish)
                  00007ac0    00000040     drivers_MSP432P401R.aem4f : RingBuf.oem4f (.text:RingBuf_get)
                  00007b00    00000040                               : UARTMSP432.oem4f (.text:UARTMSP432_read)
                  00007b40    00000040                               : UDMAMSP432.oem4f (.text:UDMAMSP432_init)
                  00007b80    00000040     ti.mw.fatfs.aem4f : ff.oem4f (.text:get_ldnumber)
                  00007bc0    00000040     drivers_MSP432P401R.aem4f : PowerMSP432.oem4f (.text:notify)
                  00007c00    00000040     rtsv7M4_T_le_v4SPD16_eabi.lib : u_divt2.obj (.text)
                  00007c40    00000040     sysbios.aem4f : BIOS.obj (.text:ti_sysbios_family_arm_msp432_Timer_startup__E)
                  00007c80    0000003e     msp432p4xx_driverlib.lib : i2c.o (.text:I2C_initMaster)
                  00007cbe    00000002     --HOLE-- [fill = 0]
                  00007cc0    0000003c                              : dma.o (.text:DMA_enableInterrupt)
                  00007cfc    0000003c     power_tirtos_MSP432P401R.aem4f : PowerMSP432_tirtos.oem4f (.text:PowerMSP432_sleepPolicy)
                  00007d38    0000003c     sysbios.aem4f : BIOS.obj (.text:ti_sysbios_family_arm_m3_Hwi_excSvCall__I)
                  00007d74    00000004     --HOLE-- [fill = 0]
                  00007d78    0000003c                   : BIOS.obj (.text:ti_sysbios_heaps_HeapMem_init__I)
                  00007db4    00000004     --HOLE-- [fill = 0]
                  00007db8    0000003c                   : BIOS.obj (.text:ti_sysbios_knl_Swi_restore__E)
                  00007df4    0000003a     drivers_MSP432P401R.aem4f : SPIMSP432DMA.oem4f (.text:SPIMSP432DMA_hwiFxn)
                  00007e2e    0000003a                               : UARTMSP432.oem4f (.text:readIsrBinaryCallback)
                  00007e68    00000038                               : I2C.oem4f (.text:I2C_init)
                  00007ea0    00000038                               : SDSPI.oem4f (.text:SDSPI_init)
                  00007ed8    00000038                               : SPI.oem4f (.text:SPI_init)
                  00007f10    00000038                               : UART.oem4f (.text:UART_init)
                  00007f48    00000038                               : I2CMSP432.oem4f (.text:perfChangeNotifyFxn)
                  00007f80    00000038                               : SDSPIMSP432.oem4f (.text:perfChangeNotifyFxn)
                  00007fb8    00000038     sysbios.aem4f : BIOS.obj (.text:ti_sysbios_family_arm_m3_Hwi_excNoIsr__I)
                  00007ff0    00000038                   : BIOS.obj (.text:ti_sysbios_knl_Task_processVitalTaskFlag__I)
                  00008028    00000038     ti.targets.arm.rtsarm.aem4f : SysMin.oem4f (.text:xdc_runtime_SysMin_putch__E)
                  00008060    00000038                                 : System.oem4f (.text:xdc_runtime_System_atexit__E)
                  00008098    00000036     drivers_MSP432P401R.aem4f : UARTMSP432.oem4f (.text:UARTMSP432_readCancel)
                  000080ce    00000036     ti.mw.fatfs.aem4f : ff.oem4f (.text:move_window)
                  00008104    00000036     drivers_MSP432P401R.aem4f : UARTMSP432.oem4f (.text:perfChangeNotifyFxn)
                  0000813a    00000002     --HOLE-- [fill = 0]
                  0000813c    00000034     msp432p4xx_driverlib.lib : flash.o (.text:FlashCtl_enableReadBuffering)
                  00008170    00000034     sysbios.aem4f : BIOS.obj (.text:ti_sysbios_family_arm_m3_Hwi_Instance_finalize__E)
                  000081a4    00000004     --HOLE-- [fill = 0]
                  000081a8    00000034                   : BIOS.obj (.text:ti_sysbios_family_arm_m3_Hwi_excNmi__I)
                  000081dc    00000004     --HOLE-- [fill = 0]
                  000081e0    00000034                   : BIOS.obj (.text:ti_sysbios_hal_Hwi_checkStack)
                  00008214    00000034     empty_pem4f.oem4f (.text:ti_sysbios_knl_Clock_construct)
                  00008248    00000034     ti.targets.arm.rtsarm.aem4f : Core-label.oem4f (.text:xdc_runtime_Core_assignLabel__I)
                  0000827c    00000033                                 : Text.oem4f (.text:xdc_runtime_Text_printVisFxn__I)
                  000082af    00000001     --HOLE-- [fill = 0]
                  000082b0    00000032     msp432p4xx_driverlib.lib : spi.o (.text:SPI_initSlave)
                  000082e2    00000006                              : spi.o (.text:EUSCI_B_SPI_receiveData)
                  000082e8    00000032     sysbios.aem4f : BIOS.obj (.text:ti_sysbios_hal_Hwi_initStack)
                  0000831a    00000002     --HOLE-- [fill = 0]
                  0000831c    00000030     msp432p4xx_driverlib.lib : gpio.o (.text:GPIO_getEnabledInterruptStatus)
                  0000834c    00000030                              : gpio.o (.text:GPIO_setAsInputPinWithPullDownResistor)
                  0000837c    00000030                              : gpio.o (.text:GPIO_setAsInputPinWithPullUpResistor)
                  000083ac    00000030     drivers_MSP432P401R.aem4f : GPIOMSP432.oem4f (.text:GPIO_toggle)
                  000083dc    00000030     msp432p4xx_driverlib.lib : spi.o (.text:is_A_Module)
                  0000840c    00000030     empty_pem4f.oem4f (.text:ti_sysbios_BIOS_atExitFunc__I)
                  0000843c    00000030     empty_pem4f.oem4f (.text:ti_sysbios_BIOS_startFunc__I)
                  0000846c    00000004     --HOLE-- [fill = 0]
                  00008470    00000030     sysbios.aem4f : BIOS.obj (.text:ti_sysbios_family_arm_m3_TaskSupport_start__E)
                  000084a0    00000030     empty_pem4f.oem4f (.text:ti_sysbios_gates_GateHwi_Object__create__S)
                  000084d0    00000030     empty_pem4f.oem4f (.text:ti_sysbios_gates_GateMutex_Object__create__S)
                  00008500    00000030     empty_pem4f.oem4f (.text:ti_sysbios_heaps_HeapMem_Object__create__S)
                  00008530    00000030     empty_pem4f.oem4f (.text:ti_sysbios_knl_Semaphore_construct)
                  00008560    00000030     sysbios.aem4f : BIOS.obj (.text:ti_sysbios_knl_Semaphore_pendTimeout__I)
                  00008590    00000030                   : BIOS.obj (.text:ti_sysbios_knl_Task_unblockI__E)
                  000085c0    00000030     ti.targets.arm.rtsarm.aem4f : SysMin.oem4f (.text:xdc_runtime_SysMin_abort__E)
                  000085f0    00000030                                 : System.oem4f (.text:xdc_runtime_System_processAtExit__E)
                  00008620    0000002c     msp432p4xx_driverlib.lib : gpio.o (.text:GPIO_setAsInputPin)
                  0000864c    0000002c     MSP_EXP432P401R.obj (.text:MSP_EXP432P401R_initUART)
                  00008678    0000002c     msp432p4xx_driverlib.lib : pcm.o (.text:PCM_getCoreVoltageLevel)
                  000086a4    0000002c     power_tirtos_MSP432P401R.aem4f : PowerMSP432_tirtos.oem4f (.text:PowerMSP432_updateFreqs)
                  000086d0    0000002c     drivers_MSP432P401R.aem4f : PowerMSP432.oem4f (.text:Power_releaseConstraint)
                  000086fc    0000002c                               : PowerMSP432.oem4f (.text:Power_setConstraint)
                  00008728    0000002c     ti.mw.fatfs.aem4f : diskio.oem4f (.text:disk_register)
                  00008754    0000002c     empty_pem4f.oem4f (.text:ti_sysbios_knl_Clock_doTick__I)
                  00008780    0000002c     empty_pem4f.oem4f (.text:ti_sysbios_knl_Queue_construct)
                  000087ac    00000004     --HOLE-- [fill = 0]
                  000087b0    0000002c     sysbios.aem4f : BIOS.obj (.text:ti_sysbios_knl_Task_restore__E)
                  000087dc    0000002c     ti.targets.arm.rtsarm.aem4f : Text.oem4f (.text:xdc_runtime_Text_cordText__E)
                  00008808    0000002a     msp432p4xx_driverlib.lib : pcm.o (.text:PCM_getPowerMode)
                  00008832    0000002a     drivers_MSP432P401R.aem4f : UARTMSP432.oem4f (.text:findBaudDividerIndex)
                  0000885c    0000002a                               : SPIMSP432DMA.oem4f (.text:perfChangeNotifyFxn)
                  00008886    0000002a     ti.targets.arm.rtsarm.aem4f : System.oem4f (.text:xdc_runtime_System_putchar__I)
                  000088b0    00000028     msp432p4xx_driverlib.lib : flash.o (.text:FlashCtl_setWaitState)
                  000088d8    00000028                              : pcm.o (.text:PCM_gotoLPM0)
                  00008900    00000028     ti.mw.fatfs.aem4f : diskio.oem4f (.text:disk_unregister)
                  00008928    00000028     sysbios.aem4f : BIOS.obj (.text:ti_sysbios_knl_Swi_Module_startup__E)
                  00008950    00000026     drivers_MSP432P401R.aem4f : List.oem4f (.text:List_put)
                  00008976    00000026     msp432p4xx_driverlib.lib : spi.o (.text:SPI_changeMasterClock)
                  0000899c    00000026     sysbios.aem4f : m3_Hwi_asm.obj (.text:ti_sysbios_family_arm_m3_Hwi_pendSV__I)
                  000089c2    00000026     ti.targets.arm.rtsarm.aem4f : System.oem4f (.text:xdc_runtime_System_avprintf__E)
                  000089e8    00000024     msp432p4xx_driverlib.lib : cs.o (.text:CS_setDCOCenteredFrequency)
                  00008a0c    00000024                              : dma.o (.text:DMA_setChannelControl)
                  00008a30    00000024                              : gpio.o (.text:GPIO_setAsOutputPin)
                  00008a54    00000024                              : i2c.o (.text:I2C_masterSendMultiByteNext)
                  00008a78    00000024                              : rtc_c.o (.text:RTC_C_holdClock)
                  00008a9c    00000024                              : rtc_c.o (.text:RTC_C_startClock)
                  00008ac0    00000024                              : uart.o (.text:UART_disableInterrupt)
                  00008ae4    00000024                              : uart.o (.text:UART_receiveData)
                  00008b08    00000024                              : uart.o (.text:UART_transmitData)
                  00008b2c    00000024     ti.mw.fatfs.aem4f : diskio.oem4f (.text:disk_read)
                  00008b50    00000024     empty_pem4f.oem4f (.text:ti_sysbios_BIOS_errorRaiseHook__I)
                  00008b74    00000024     empty_pem4f.oem4f (.text:ti_sysbios_BIOS_registerRTSLock__I)
                  00008b98    00000024     empty_pem4f.oem4f (.text:ti_sysbios_BIOS_removeRTSLock__I)
                  00008bbc    00000004     --HOLE-- [fill = 0]
                  00008bc0    00000024     sysbios.aem4f : BIOS.obj (.text:ti_sysbios_family_arm_msp432_ClockFreqs_setFrequency__E)
                  00008be4    00000024     empty_pem4f.oem4f (.text:ti_sysbios_gates_GateMutex_Object__delete__S)
                  00008c08    00000024     sysbios.aem4f : BIOS.obj (.text:ti_sysbios_knl_Clock_Module_startup__E)
                  00008c2c    00000004     --HOLE-- [fill = 0]
                  00008c30    00000024                   : BIOS.obj (.text:ti_sysbios_knl_Task_restoreHwi__E)
                  00008c54    00000024     ti.targets.arm.rtsarm.aem4f : System.oem4f (.text:xdc_runtime_System_vprintf__E)
                  00008c78    00000022     empty_pem4f.oem4f (.text:xdc_runtime_SysMin_output__I)
                  00008c9a    00000002     --HOLE-- [fill = 0]
                  00008c9c    00000020     msp432p4xx_driverlib.lib : gpio.o (.text:GPIO_interruptEdgeSelect)
                  00008cbc    00000020     drivers_MSP432P401R.aem4f : PowerMSP432.oem4f (.text:PowerMSP432_getFreqs)
                  00008cdc    00000020                               : PowerMSP432.oem4f (.text:Power_unregisterNotify)
                  00008cfc    00000020                               : RingBuf.oem4f (.text:RingBuf_peek)
                  00008d1c    00000020     msp432p4xx_driverlib.lib : spi.o (.text:SPI_getInterruptStatus)
                  00008d3c    00000020                              : spi.o (.text:SPI_transmitData)
                  00008d5c    00000020     drivers_MSP432P401R.aem4f : UDMAMSP432.oem4f (.text:UDMAMSP432_close)
                  00008d7c    00000020     ti.mw.fatfs.aem4f : diskio.oem4f (.text:disk_write)
                  00008d9c    00000020     empty_pem4f.oem4f (.text:ti_sysbios_BIOS_rtsLock__I)
                  00008dbc    00000020     sysbios.aem4f : m3_Hwi_asm.obj (.text:ti_sysbios_family_arm_m3_Hwi_excHandlerAsm__I)
                  00008ddc    00000004     --HOLE-- [fill = 0]
                  00008de0    00000020                   : BIOS.obj (.text:ti_sysbios_family_arm_m3_Hwi_excHandler__I)
                  00008e00    00000020     empty_pem4f.oem4f (.text:ti_sysbios_gates_GateHwi_Object__delete__S)
                  00008e20    00000020     empty_pem4f.oem4f (.text:ti_sysbios_heaps_HeapMem_Object__delete__S)
                  00008e40    00000020     empty_pem4f.oem4f (.text:ti_sysbios_knl_Clock_Object__destruct__S)
                  00008e60    00000020     sysbios.aem4f : BIOS.obj (.text:ti_sysbios_knl_Idle_run__E)
                  00008e80    00000020     empty_pem4f.oem4f (.text:ti_sysbios_knl_Semaphore_Object__destruct__S)
                  00008ea0    00000020     ti.targets.arm.rtsarm.aem4f : Registry.oem4f (.text:xdc_runtime_Registry_findById__E)
                  00008ec0    00000020                                 : SysMin.oem4f (.text:xdc_runtime_SysMin_Module_startup__E)
                  00008ee0    0000001e     sysbios.aem4f : m3_Hwi_asm_switch.obj (.text:ti_sysbios_family_xxx_Hwi_switchAndRunFunc)
                  00008efe    00000002     --HOLE-- [fill = 0]
                  00008f00    0000001c     MSP_EXP432P401R.obj (.text:MSP_EXP432P401R_initI2C)
                  00008f1c    0000001c     msp432p4xx_driverlib.lib : pcm.o (.text:PCM_enableRudeMode)
                  00008f38    0000001c     drivers_MSP432P401R.aem4f : PowerMSP432.oem4f (.text:Power_registerNotify)
                  00008f54    0000001c     ti.mw.fatfs.aem4f : diskio.oem4f (.text:disk_initialize)
                  00008f70    0000001c                       : diskio.oem4f (.text:disk_status)
                  00008f8c    0000001c     MSP_EXP432P401R.obj (.text:dmaErrorHwi)
                  00008fa8    0000001c     empty_pem4f.oem4f (.text:ti_sysbios_family_arm_m3_Hwi_Object__destruct__S)
                  00008fc4    00000004     --HOLE-- [fill = 0]
                  00008fc8    0000001c     sysbios.aem4f : BIOS.obj (.text:ti_sysbios_gates_GateMutex_Instance_init__E)
                  00008fe4    0000001c     empty_pem4f.oem4f (.text:ti_sysbios_knl_Queue_Object__destruct__S)
                  00009000    0000001c     sysbios.aem4f : BIOS.obj (.text:ti_sysbios_knl_Queue_put__E)
                  0000901c    00000004     --HOLE-- [fill = 0]
                  00009020    0000001c                   : BIOS.obj (.text:ti_sysbios_knl_Task_enter__I)
                  0000903c    0000001c     ti.targets.arm.rtsarm.aem4f : Error.oem4f (.text:xdc_runtime_Error_raiseX__E)
                  00009058    0000001c                                 : Memory.oem4f (.text:xdc_runtime_Memory_valloc__E)
                  00009074    0000001c                                 : SysMin.oem4f (.text:xdc_runtime_SysMin_exit__E)
                  00009090    0000001c                                 : System.oem4f (.text:xdc_runtime_System_abort__E)
                  000090ac    0000001a     drivers_MSP432P401R.aem4f : List.oem4f (.text:List_remove)
                  000090c6    0000001a     msp432p4xx_driverlib.lib : spi.o (.text:SPI_disableModule)
                  000090e0    0000001a                              : spi.o (.text:SPI_enableModule)
                  000090fa    0000001a                              : spi.o (.text:SPI_getReceiveBufferAddressForDMA)
                  00009114    0000001a                              : spi.o (.text:SPI_getTransmitBufferAddressForDMA)
                  0000912e    0000001a                              : spi.o (.text:SPI_receiveData)
                  00009148    0000001a     empty_pem4f.oem4f (.text:ti_sysbios_family_arm_m3_Hwi_Handle__label__S)
                  00009162    0000001a     empty_pem4f.oem4f (.text:ti_sysbios_gates_GateHwi_Handle__label__S)
                  0000917c    0000001a     empty_pem4f.oem4f (.text:ti_sysbios_gates_GateMutex_Handle__label__S)
                  00009196    0000001a     empty_pem4f.oem4f (.text:ti_sysbios_heaps_HeapMem_Handle__label__S)
                  000091b0    0000001a     empty_pem4f.oem4f (.text:ti_sysbios_knl_Swi_Handle__label__S)
                  000091ca    0000001a     empty_pem4f.oem4f (.text:ti_sysbios_knl_Task_Handle__label__S)
                  000091e4    0000001a     ti.mw.fatfs.aem4f : ff.oem4f (.text:unlock_fs)
                  000091fe    0000001a     empty_pem4f.oem4f (.text:xdc_runtime_System_aprintf__E)
                  00009218    0000001a     empty_pem4f.oem4f (.text:xdc_runtime_System_printf__E)
                  00009232    00000002     --HOLE-- [fill = 0]
                  00009234    00000018     msp432p4xx_driverlib.lib : dma.o (.text:DMA_clearInterruptFlag)
                  0000924c    00000018                              : dma.o (.text:DMA_enableChannel)
                  00009264    00000018                              : dma.o (.text:DMA_isChannelEnabled)
                  0000927c    00000018                              : spi.o (.text:EUSCI_A_SPI_masterChangeClock)
                  00009294    00000018                              : spi.o (.text:EUSCI_B_SPI_masterChangeClock)
                  000092ac    00000018                              : gpio.o (.text:GPIO_clearInterruptFlag)
                  000092c4    00000018                              : gpio.o (.text:GPIO_setDriveStrengthLow)
                  000092dc    00000018                              : gpio.o (.text:GPIO_setOutputLowOnPin)
                  000092f4    00000018                              : i2c.o (.text:I2C_masterIsStartSent)
                  0000930c    00000018     drivers_MSP432P401R.aem4f : SPIMSP432DMA.oem4f (.text:SPIMSP432DMA_transferCancel)
                  00009324    00000018     msp432p4xx_driverlib.lib : wdt_a.o (.text:WDT_A_holdTimer)
                  0000933c    00000018     ti.mw.fatfs.aem4f : ffosal.oem4f (.text:ff_cre_syncobj)
                  00009354    00000018     rtsv7M4_T_le_v4SPD16_eabi.lib : args_main.obj (.text)
                  0000936c    00000018     empty_pem4f.oem4f (.text:ti_sysbios_BIOS_rtsUnlock__I)
                  00009384    00000018     empty_pem4f.oem4f (.text:ti_sysbios_family_arm_m3_Hwi_Module__startupDone__F)
                  0000939c    00000018     sysbios.aem4f : m3_TaskSupport_asm.obj (.text:ti_sysbios_family_arm_m3_TaskSupport_swap__E)
                  000093b4    00000018     empty_pem4f.oem4f (.text:ti_sysbios_family_arm_msp432_Timer_Module__startupDone__F)
                  000093cc    00000004     --HOLE-- [fill = 0]
                  000093d0    00000018     sysbios.aem4f : BIOS.obj (.text:ti_sysbios_gates_GateMutex_leave__E)
                  000093e8    00000018                   : BIOS.obj (.text:ti_sysbios_knl_Task_sleepTimeout__I)
                  00009400    00000018     ti.targets.arm.rtsarm.aem4f : Error.oem4f (.text:xdc_runtime_Error_check__E)
                  00009418    00000018                                 : System.oem4f (.text:xdc_runtime_System_exit__E)
                  00009430    00000018                                 : Text.oem4f (.text:xdc_runtime_Text_ropeText__E)
                  00009448    00000016     tirtosport.aem4f : ClockP_tirtos.oem4f (.text:ClockP_delete)
                  0000945e    00000016                      : HwiP_tirtos.oem4f (.text:HwiP_delete)
                  00009474    00000016                      : SemaphoreP_tirtos.oem4f (.text:SemaphoreP_delete)
                  0000948a    00000016     msp432p4xx_driverlib.lib : uart.o (.text:UART_enableInterrupt)
                  000094a0    00000016     empty_pem4f.oem4f (.text:ti_sysbios_BIOS_exitFunc__I)
                  000094b6    00000016     main.obj (.text:ti_sysbios_knl_Mailbox_Params_init)
                  000094cc    00000016     diagnostics.obj (.text:ti_sysbios_knl_Task_Params_init)
                  000094e2    00000016     main.obj (.text:ti_sysbios_knl_Task_Params_init)
                  000094f8    00000014     msp432p4xx_driverlib.lib : gpio.o (.text:GPIO_setDriveStrengthHigh)
                  0000950c    00000014                              : gpio.o (.text:GPIO_setOutputHighOnPin)
                  00009520    00000014                              : gpio.o (.text:GPIO_toggleOutputOnPin)
                  00009534    00000014     drivers_MSP432P401R.aem4f : PowerMSP432.oem4f (.text:Power_idleFunc)
                  00009548    00000014     msp432p4xx_driverlib.lib : wdt_a.o (.text:WDT_A_startTimer)
                  0000955c    00000014     ti.mw.fatfs.aem4f : ffosal.oem4f (.text:ff_req_grant)
                  00009570    00000014     diagnostics.obj (.text:heartbeatFxn)
                  00009584    00000014     rtsv7M4_T_le_v4SPD16_eabi.lib : _lock.obj (.text)
                  00009598    00000014                                   : strcpy.obj (.text)
                  000095ac    00000014                                   : strlen.obj (.text)
                  000095c0    00000014     empty_pem4f.oem4f (.text:ti_sysbios_family_arm_m3_Hwi_Object__get__S)
                  000095d4    00000004     --HOLE-- [fill = 0]
                  000095d8    00000014     sysbios.aem4f : BIOS.obj (.text:ti_sysbios_family_arm_m3_Hwi_switchFromBootStack__E)
                  000095ec    00000014     empty_pem4f.oem4f (.text:ti_sysbios_heaps_HeapMem_Object__get__S)
                  00009600    00000014     empty_pem4f.oem4f (.text:ti_sysbios_knl_Task_Object__get__S)
                  00009614    00000012     tirtosport.aem4f : ClockP_tirtos.oem4f (.text:ClockP_start)
                  00009626    00000012     drivers_MSP432P401R.aem4f : RingBuf.oem4f (.text:RingBuf_construct)
                  00009638    00000012                               : SDSPIMSP432.oem4f (.text:SDSPIMSP432_init)
                  0000964a    00000012     tirtosport.aem4f : SemaphoreP_tirtos.oem4f (.text:SemaphoreP_pend)
                  0000965c    00000004     --HOLE-- [fill = 0]
                  00009660    00000012     sysbios.aem4f : BIOS.obj (.text:ti_sysbios_hal_Hwi_Module_startup__E)
                  00009672    00000012     empty_pem4f.oem4f (.text:xdc_runtime_Startup_exec__I)
                  00009684    00000010     msp432p4xx_driverlib.lib : dma.o (.text:DMA_enableModule)
                  00009694    00000010                              : gpio.o (.text:GPIO_getInterruptStatus)
                  000096a4    00000010                              : i2c.o (.text:I2C_masterReceiveMultiByteStop)
                  000096b4    00000010                              : i2c.o (.text:I2C_masterReceiveStart)
                  000096c4    00000010                              : i2c.o (.text:I2C_masterSendStart)
                  000096d4    00000010                              : pcm.o (.text:PCM_gotoLPM4)
                  000096e4    00000010     drivers_MSP432P401R.aem4f : SDSPIMSP432.oem4f (.text:SDSPIMSP432_diskStatus)
                  000096f4    00000010                               : UARTMSP432.oem4f (.text:readBlockingTimeout)
                  00009704    00000004     --HOLE-- [fill = 0]
                  00009708    00000010     sysbios.aem4f : BIOS.obj (.text:ti_sysbios_BIOS_setCpuFreq__E)
                  00009718    00000010                   : BIOS.obj (.text:ti_sysbios_BIOS_setThreadType__E)
                  00009728    00000010                   : BIOS.obj (.text:ti_sysbios_BIOS_start__E)
                  00009738    00000010                   : m3_TaskSupport_asm.obj (.text:ti_sysbios_family_arm_m3_TaskSupport_glue)
                  00009748    00000010                   : BIOS.obj (.text:ti_sysbios_family_arm_msp432_init_Boot_disableWatchdog)
                  00009758    00000010                   : BIOS.obj (.text:ti_sysbios_gates_GateMutex_Instance_finalize__E)
                  00009768    00000010                   : BIOS.obj (.text:ti_sysbios_knl_Semaphore_Instance_finalize__E)
                  00009778    00000010     empty_pem4f.oem4f (.text:ti_sysbios_knl_Swi_Object__get__S)
                  00009788    00000010     sysbios.aem4f : BIOS.obj (.text:ti_sysbios_knl_Swi_disable__E)
                  00009798    00000010                   : BIOS.obj (.text:ti_sysbios_knl_Task_disable__E)
                  000097a8    00000010     ti.targets.arm.rtsarm.aem4f : Gate.oem4f (.text:xdc_runtime_Gate_leaveSystem__E)
                  000097b8    00000010                                 : Memory.oem4f (.text:xdc_runtime_Memory_free__E)
                  000097c8    00000010                                 : SysMin.oem4f (.text:xdc_runtime_SysMin_ready__E)
                  000097d8    00000010                                 : System.oem4f (.text:xdc_runtime_System_vsnprintf__E)
                  000097e8    00000010     empty_pem4f.oem4f (.text:xdc_runtime_Text_visitRope__I)
                  000097f8    0000000e     tirtosport.aem4f : HwiP_tirtos.oem4f (.text:HwiP_Params_init)
                  00009806    0000000e     msp432p4xx_driverlib.lib : i2c.o (.text:I2C_clearInterruptFlag)
                  00009814    0000000e                              : i2c.o (.text:I2C_disableInterrupt)
                  00009822    0000000e                              : i2c.o (.text:I2C_setMode)
                  00009830    0000000e                              : uart.o (.text:UART_clearInterruptFlag)
                  0000983e    0000000e     rtsv7M4_T_le_v4SPD16_eabi.lib : copy_decompress_none.obj (.text:decompress:none)
                  0000984c    00000004     --HOLE-- [fill = 0]
                  00009850    0000000e     sysbios.aem4f : BIOS.obj (.text:ti_sysbios_knl_Idle_loop__E)
                  0000985e    0000000e     empty_pem4f.oem4f (.text:ti_sysbios_knl_Mailbox_Object__get__S)
                  0000986c    00000004     --HOLE-- [fill = 0]
                  00009870    0000000e     sysbios.aem4f : BIOS.obj (.text:ti_sysbios_knl_Queue_empty__E)
                  0000987e    0000000c     empty_pem4f.oem4f (.text:.bootCodeSection:ti_sysbios_family_arm_msp432_init_Boot_init__I)
                  0000988a    0000000c     msp432p4xx_driverlib.lib : cpu.o (.text:CPU_cpsid)
                  00009896    0000000c                              : cpu.o (.text:CPU_cpsie)
                  000098a2    00000002     --HOLE-- [fill = 0]
                  000098a4    0000000c     tirtosport.aem4f : ClockP_tirtos.oem4f (.text:ClockP_getSystemTickPeriod)
                  000098b0    0000000c     msp432p4xx_driverlib.lib : dma.o (.text:DMA_setControlBase)
                  000098bc    0000000c                              : spi.o (.text:EUSCI_A_SPI_disable)
                  000098c8    0000000c                              : spi.o (.text:EUSCI_A_SPI_enable)
                  000098d4    0000000c                              : spi.o (.text:EUSCI_B_SPI_disable)
                  000098e0    0000000c                              : spi.o (.text:EUSCI_B_SPI_enable)
                  000098ec    0000000c                              : i2c.o (.text:I2C_disableModule)
                  000098f8    0000000c                              : i2c.o (.text:I2C_enableModule)
                  00009904    0000000c                              : pcm.o (.text:PCM_getPowerState)
                  00009910    0000000c     drivers_MSP432P401R.aem4f : PowerMSP432.oem4f (.text:Power_getConstraintMask)
                  0000991c    0000000c                               : PowerMSP432.oem4f (.text:Power_getPerformanceLevel)
                  00009928    0000000c                               : UARTMSP432.oem4f (.text:UARTMSP432_init)
                  00009934    0000000c     msp432p4xx_driverlib.lib : uart.o (.text:UART_disableModule)
                  00009940    0000000c                              : uart.o (.text:UART_enableModule)
                  0000994c    0000000c     rtsv7M4_T_le_v4SPD16_eabi.lib : copy_zero_init.obj (.text:decompress:ZI)
                  00009958    0000000c     empty_pem4f.oem4f (.text:ti_sysbios_family_arm_m3_Hwi_Params__init__S)
                  00009964    00000004     --HOLE-- [fill = 0]
                  00009968    0000000c     sysbios.aem4f : BIOS.obj (.text:ti_sysbios_family_arm_m3_Hwi_disableFxn__E)
                  00009974    00000004     --HOLE-- [fill = 0]
                  00009978    0000000c                   : BIOS.obj (.text:ti_sysbios_family_arm_m3_TaskSupport_checkStack__E)
                  00009984    00000004     --HOLE-- [fill = 0]
                  00009988    0000000c                   : BIOS.obj (.text:ti_sysbios_family_arm_m3_TaskSupport_getStackAlignment__E)
                  00009994    00000004     --HOLE-- [fill = 0]
                  00009998    0000000c                   : BIOS.obj (.text:ti_sysbios_family_arm_msp432_Timer_getMaxTicks__E)
                  000099a4    00000004     --HOLE-- [fill = 0]
                  000099a8    0000000c                   : BIOS.obj (.text:ti_sysbios_gates_GateHwi_enter__E)
                  000099b4    0000000c     empty_pem4f.oem4f (.text:ti_sysbios_knl_Clock_Params__init__S)
                  000099c0    0000000c     sysbios.aem4f : BIOS.obj (.text:ti_sysbios_knl_Clock_getTicks__E)
                  000099cc    0000000c     empty_pem4f.oem4f (.text:ti_sysbios_knl_Mailbox_Params__init__S)
                  000099d8    0000000c     empty_pem4f.oem4f (.text:ti_sysbios_knl_Queue_Object__get__S)
                  000099e4    0000000c     empty_pem4f.oem4f (.text:ti_sysbios_knl_Semaphore_Params__init__S)
                  000099f0    0000000c     empty_pem4f.oem4f (.text:ti_sysbios_knl_Task_Params__init__S)
                  000099fc    0000000c     ti.targets.arm.rtsarm.aem4f : Error.oem4f (.text:xdc_runtime_Error_init__E)
                  00009a08    0000000c                                 : Gate.oem4f (.text:xdc_runtime_Gate_enterSystem__E)
                  00009a14    0000000c                                 : Memory.oem4f (.text:xdc_runtime_Memory_calloc__E)
                  00009a20    0000000c                                 : Memory.oem4f (.text:xdc_runtime_Memory_getMaxDefaultTypeAlign__E)
                  00009a2c    0000000c                                 : Startup.oem4f (.text:xdc_runtime_Startup_rtsDone__E)
                  00009a38    0000000a     tirtosport.aem4f : ClockP_tirtos.oem4f (.text:ClockP_stop)
                  00009a42    0000000a     drivers_MSP432P401R.aem4f : I2CMSP432.oem4f (.text:I2CMSP432_init)
                  00009a4c    0000000a                               : SPIMSP432DMA.oem4f (.text:SPIMSP432DMA_init)
                  00009a56    0000000a     tirtosport.aem4f : SemaphoreP_tirtos.oem4f (.text:SemaphoreP_post)
                  00009a60    0000000a     ti.mw.fatfs.aem4f : ffosal.oem4f (.text:ff_del_syncobj)
                  00009a6a    0000000a     empty_pem4f.oem4f (.text:xdc_runtime_IHeap_alloc)
                  00009a74    0000000a     empty_pem4f.oem4f (.text:xdc_runtime_IHeap_free)
                  00009a7e    00000008     tirtosport.aem4f : ClockP_tirtos.oem4f (.text:ClockP_Params_init)
                  00009a86    00000008     msp432p4xx_driverlib.lib : spi.o (.text:EUSCI_A_SPI_getInterruptStatus)
                  00009a8e    00000008                              : spi.o (.text:EUSCI_B_SPI_getInterruptStatus)
                  00009a96    00000008                              : i2c.o (.text:I2C_enableInterrupt)
                  00009a9e    00000008     MSP_EXP432P401R.obj (.text:MSP_EXP432P401R_initGPIO)
                  00009aa6    00000008     MSP_EXP432P401R.obj (.text:MSP_EXP432P401R_initGeneral)
                  00009aae    00000008     MSP_EXP432P401R.obj (.text:MSP_EXP432P401R_initSDSPI)
                  00009ab6    00000008     msp432p4xx_driverlib.lib : pcm.o (.text:PCM_setPowerMode)
                  00009abe    00000008                              : pcm.o (.text:PCM_setPowerState)
                  00009ac6    00000008     tirtosport.aem4f : SemaphoreP_tirtos.oem4f (.text:SemaphoreP_Params_init)
                  00009ace    00000008     drivers_MSP432P401R.aem4f : I2CMSP432.oem4f (.text:blockingTransferCallback)
                  00009ad6    00000008                               : SPIMSP432DMA.oem4f (.text:blockingTransferCallback)
                  00009ade    00000008                               : UARTMSP432.oem4f (.text:readSemCallback)
                  00009ae6    00000002     --HOLE-- [fill = 0]
                  00009ae8    00000008     sysbios.aem4f : BIOS.obj (.text:ti_sysbios_family_arm_m3_Hwi_doSwiRestore__I)
                  00009af0    00000008                   : BIOS.obj (.text:ti_sysbios_family_arm_m3_Hwi_startup__E)
                  00009af8    00000008     drivers_MSP432P401R.aem4f : UARTMSP432.oem4f (.text:writeSemCallback)
                  00009b00    00000006                               : I2CMSP432.oem4f (.text:I2CMSP432_control)
                  00009b06    00000006     msp432p4xx_driverlib.lib : i2c.o (.text:I2C_getEnabledInterruptStatus)
                  00009b0c    00000006                              : i2c.o (.text:I2C_getInterruptStatus)
                  00009b12    00000006                              : i2c.o (.text:I2C_masterReceiveMultiByteNext)
                  00009b18    00000006     drivers_MSP432P401R.aem4f : SDSPIMSP432.oem4f (.text:SDSPIMSP432_control)
                  00009b1e    00000006                               : SPIMSP432DMA.oem4f (.text:SPIMSP432DMA_control)
                  00009b24    00000006     msp432p4xx_driverlib.lib : uart.o (.text:UART_getInterruptStatus)
                  00009b2a    00000006                              : uart.o (.text:UART_queryStatusFlags)
                  00009b30    00000006     ti.mw.fatfs.aem4f : ff.oem4f (.text:lock_fs)
                  00009b36    00000002     --HOLE-- [fill = 0]
                  00009b38    00000006     sysbios.aem4f : BIOS.obj (.text:ti_sysbios_family_arm_m3_Hwi_doTaskRestore__I)
                  00009b3e    00000002     --HOLE-- [fill = 0]
                  00009b40    00000006                   : BIOS.obj (.text:ti_sysbios_family_arm_m3_Hwi_restoreFxn__E)
                  00009b46    00000002     --HOLE-- [fill = 0]
                  00009b48    00000006                   : BIOS.obj (.text:ti_sysbios_gates_GateHwi_leave__E)
                  00009b4e    00000002     --HOLE-- [fill = 0]
                  00009b50    00000006                   : BIOS.obj (.text:ti_sysbios_heaps_HeapMem_isBlocking__E)
                  00009b56    00000002     --HOLE-- [fill = 0]
                  00009b58    00000006                   : BIOS.obj (.text:ti_sysbios_knl_Clock_stop__E)
                  00009b5e    00000002     --HOLE-- [fill = 0]
                  00009b60    00000006                   : BIOS.obj (.text:ti_sysbios_knl_Queue_Instance_init__E)
                  00009b66    00000002     --HOLE-- [fill = 0]
                  00009b68    00000006                   : BIOS.obj (.text:ti_sysbios_knl_Swi_startup__E)
                  00009b6e    00000006     ti.targets.arm.rtsarm.aem4f : System.oem4f (.text:xdc_runtime_System_Module_startup__E)
                  00009b74    00000004     --HOLE-- [fill = 0]
                  00009b78    00000004     sysbios.aem4f : BIOS.obj (.text:ti_sysbios_gates_GateHwi_query__E)
                  00009b7c    00000004     --HOLE-- [fill = 0]
                  00009b80    00000004                   : BIOS.obj (.text:ti_sysbios_gates_GateMutex_query__E)
                  00009b84    00000004     --HOLE-- [fill = 0]
                  00009b88    00000004                   : BIOS.obj (.text:ti_sysbios_knl_Clock_setTimeout__E)
                  00009b8c    00000004     --HOLE-- [fill = 0]
                  00009b90    00000004                   : BIOS.obj (.text:ti_sysbios_knl_Task_startup__E)
                  00009b94    00000004     --HOLE-- [fill = 0]
                  00009b98    00000002                   : BIOS.obj (.text:ti_sysbios_BIOS_linkedWithIncorrectBootLibrary__E)
                  00009b9a    00000006     --HOLE-- [fill = 0]
                  00009ba0    00000002                   : BIOS.obj (.text:ti_sysbios_gates_GateHwi_Instance_init__E)
                  00009ba2    00000006     --HOLE-- [fill = 0]
                  00009ba8    00000002                   : BIOS.obj (.text:ti_sysbios_knl_Clock_logTick__E)

.const     0    00009bac    0000215a     
                  00009bac    000018b0     empty_pem4f.oem4f (.const:xdc_runtime_Text_charTab__A)
                  0000b45c    000000b8     empty_pem4f.oem4f (.const:xdc_runtime_Text_nodeTab__A)
                  0000b514    00000070     MSP_EXP432P401R.obj (.const:uartMSP432Baudrates)
                  0000b584    00000048     empty_pem4f.oem4f (.const:.string)
                  0000b5cc    00000048     MSP_EXP432P401R.obj (.const:uartMSP432HWAttrs)
                  0000b614    0000003c     empty_pem4f.oem4f (.const:ti_sysbios_knl_Task_Object__PARAMS__C)
                  0000b650    00000034     empty_pem4f.oem4f (.const:ti_sysbios_knl_Mailbox_Object__PARAMS__C)
                  0000b684    00000030     MSP_EXP432P401R.obj (.const:spiMSP432DMAHWAttrs)
                  0000b6b4    00000030     empty_pem4f.oem4f (.const:ti_sysbios_family_arm_m3_Hwi_Object__PARAMS__C)
                  0000b6e4    00000028     drivers_MSP432P401R.aem4f : UARTMSP432.oem4f (.const:UARTMSP432_fxnTable)
                  0000b70c    00000028                               : SPIMSP432DMA.oem4f (.const)
                  0000b734    00000028     empty_pem4f.oem4f (.const:ti_sysbios_heaps_HeapMem_Module__FXNS__C)
                  0000b75c    00000024     MSP_EXP432P401R.obj (.const:SPI_config)
                  0000b780    00000024     MSP_EXP432P401R.obj (.const:UART_config)
                  0000b7a4    00000024     drivers_MSP432P401R.aem4f : UARTMSP432.oem4f (.const)
                  0000b7c8    00000024     empty_pem4f.oem4f (.const:ti_sysbios_gates_GateHwi_Module__FXNS__C)
                  0000b7ec    00000024     empty_pem4f.oem4f (.const:ti_sysbios_gates_GateMutex_Module__FXNS__C)
                  0000b810    00000024     empty_pem4f.oem4f (.const:ti_sysbios_heaps_HeapMem_Object__PARAMS__C)
                  0000b834    00000024     empty_pem4f.oem4f (.const:ti_sysbios_knl_Clock_Object__PARAMS__C)
                  0000b858    00000024     empty_pem4f.oem4f (.const:ti_sysbios_knl_Semaphore_Object__PARAMS__C)
                  0000b87c    00000024     empty_pem4f.oem4f (.const:xdc_runtime_Startup_sfxnTab__A)
                  0000b8a0    00000020     drivers_MSP432P401R.aem4f : I2CMSP432.oem4f (.const)
                  0000b8c0    00000020     empty_pem4f.oem4f (.const:ti_sysbios_family_arm_m3_Hwi_Object__DESC__C)
                  0000b8e0    00000020     empty_pem4f.oem4f (.const:ti_sysbios_gates_GateHwi_Object__DESC__C)
                  0000b900    00000020     empty_pem4f.oem4f (.const:ti_sysbios_gates_GateMutex_Object__DESC__C)
                  0000b920    00000020     empty_pem4f.oem4f (.const:ti_sysbios_heaps_HeapMem_Object__DESC__C)
                  0000b940    00000020     empty_pem4f.oem4f (.const:ti_sysbios_knl_Clock_Object__DESC__C)
                  0000b960    00000020     empty_pem4f.oem4f (.const:ti_sysbios_knl_Mailbox_Object__DESC__C)
                  0000b980    00000020     empty_pem4f.oem4f (.const:ti_sysbios_knl_Queue_Object__DESC__C)
                  0000b9a0    00000020     empty_pem4f.oem4f (.const:ti_sysbios_knl_Semaphore_Object__DESC__C)
                  0000b9c0    00000020     empty_pem4f.oem4f (.const:ti_sysbios_knl_Task_Object__DESC__C)
                  0000b9e0    00000018     MSP_EXP432P401R.obj (.const:I2C_config)
                  0000b9f8    00000018     MSP_EXP432P401R.obj (.const:SDSPI_config)
                  0000ba10    00000018     empty_pem4f.oem4f (.const:ti_sysbios_gates_GateHwi_Object__PARAMS__C)
                  0000ba28    00000018     empty_pem4f.oem4f (.const:ti_sysbios_gates_GateMutex_Object__PARAMS__C)
                  0000ba40    00000018     empty_pem4f.oem4f (.const:ti_sysbios_knl_Queue_Object__PARAMS__C)
                  0000ba58    00000014     MSP_EXP432P401R.obj (.const:GPIOMSP432_config)
                  0000ba6c    00000014     MSP_EXP432P401R.obj (.const:sdspiMSP432HWAttrs)
                  0000ba80    00000012     empty_pem4f.oem4f (.const:xdc_runtime_Startup_sfxnRts__A)
                  0000ba92    00000002     empty_pem4f.oem4f (.const:ti_sysbios_family_arm_m3_Hwi_Module__id__C)
                  0000ba94    00000010     MSP_EXP432P401R.obj (.const:PowerMSP432_config)
                  0000baa4    00000010     drivers_MSP432P401R.aem4f : SDSPIMSP432.oem4f (.const)
                  0000bab4    00000010     MSP_EXP432P401R.obj (.const:i2cMSP432HWAttrs)
                  0000bac4    0000000c     drivers_MSP432P401R.aem4f : GPIOMSP432.oem4f (.const:.string)
                  0000bad0    0000000c     MSP_EXP432P401R.obj (.const:udmaMSP432HWAttrs)
                  0000badc    0000000c     empty_pem4f.oem4f (.const:xdc_runtime_Startup_firstFxns__A)
                  0000bae8    00000008     MSP_EXP432P401R.obj (.const:UDMAMSP432_config)
                  0000baf0    00000008     empty_pem4f.oem4f (.const:ti_sysbios_family_arm_m3_Hwi_excHookFuncs__A)
                  0000baf8    00000008     empty_pem4f.oem4f (.const:ti_sysbios_knl_Idle_funcList__A)
                  0000bb00    00000008     empty_pem4f.oem4f (.const:ti_sysbios_knl_Idle_funcList__C)
                  0000bb08    00000008     empty_pem4f.oem4f (.const:xdc_runtime_Startup_firstFxns__C)
                  0000bb10    00000008     empty_pem4f.oem4f (.const:xdc_runtime_Startup_lastFxns__C)
                  0000bb18    00000005     drivers_MSP432P401R.aem4f : UARTMSP432.oem4f (.const:.string)
                  0000bb1d    00000001     empty_pem4f.oem4f (.const:xdc_runtime_Error_policy__C)
                  0000bb1e    00000002     empty_pem4f.oem4f (.const:ti_sysbios_gates_GateMutex_Module__id__C)
                  0000bb20    00000004     empty_pem4f.oem4f (.const:ti_sysbios_family_arm_m3_Hwi_E_NMI__C)
                  0000bb24    00000004     empty_pem4f.oem4f (.const:ti_sysbios_family_arm_m3_Hwi_E_alreadyDefined__C)
                  0000bb28    00000004     empty_pem4f.oem4f (.const:ti_sysbios_family_arm_m3_Hwi_E_busFault__C)
                  0000bb2c    00000004     empty_pem4f.oem4f (.const:ti_sysbios_family_arm_m3_Hwi_E_debugMon__C)
                  0000bb30    00000004     empty_pem4f.oem4f (.const:ti_sysbios_family_arm_m3_Hwi_E_hardFault__C)
                  0000bb34    00000004     empty_pem4f.oem4f (.const:ti_sysbios_family_arm_m3_Hwi_E_memFault__C)
                  0000bb38    00000004     empty_pem4f.oem4f (.const:ti_sysbios_family_arm_m3_Hwi_E_noIsr__C)
                  0000bb3c    00000004     empty_pem4f.oem4f (.const:ti_sysbios_family_arm_m3_Hwi_E_reserved__C)
                  0000bb40    00000004     empty_pem4f.oem4f (.const:ti_sysbios_family_arm_m3_Hwi_E_svCall__C)
                  0000bb44    00000004     empty_pem4f.oem4f (.const:ti_sysbios_family_arm_m3_Hwi_E_usageFault__C)
                  0000bb48    00000004     empty_pem4f.oem4f (.const:ti_sysbios_family_arm_m3_Hwi_NUM_INTERRUPTS__C)
                  0000bb4c    00000004     empty_pem4f.oem4f (.const:ti_sysbios_family_arm_m3_Hwi_Object__count__C)
                  0000bb50    00000004     empty_pem4f.oem4f (.const:ti_sysbios_family_arm_m3_Hwi_ccr__C)
                  0000bb54    00000004     empty_pem4f.oem4f (.const:ti_sysbios_family_arm_m3_Hwi_excHandlerFunc__C)
                  0000bb58    00000004     empty_pem4f.oem4f (.const:ti_sysbios_family_arm_m3_Hwi_excHookFuncs__C)
                  0000bb5c    00000004     empty_pem4f.oem4f (.const:ti_sysbios_family_arm_m3_Hwi_nullIsrFunc__C)
                  0000bb60    00000004     empty_pem4f.oem4f (.const:ti_sysbios_family_arm_m3_Hwi_priGroup__C)
                  0000bb64    00000004     empty_pem4f.oem4f (.const:ti_sysbios_family_arm_m3_TaskSupport_stackAlignment__C)
                  0000bb68    00000004     empty_pem4f.oem4f (.const:ti_sysbios_family_arm_msp432_Timer_numTimerDevices__C)
                  0000bb6c    00000004     empty_pem4f.oem4f (.const:ti_sysbios_family_arm_msp432_Timer_startupNeeded__C)
                  0000bb70    00000004     empty_pem4f.oem4f (.const:ti_sysbios_gates_GateMutex_A_badContext__C)
                  0000bb74    00000004     empty_pem4f.oem4f (.const:ti_sysbios_gates_GateMutex_Instance_State_sem__O)
                  0000bb78    00000004     empty_pem4f.oem4f (.const:ti_sysbios_gates_GateMutex_Module__diagsEnabled__C)
                  0000bb7c    00000004     empty_pem4f.oem4f (.const:ti_sysbios_gates_GateMutex_Module__diagsIncluded__C)
                  0000bb80    00000004     empty_pem4f.oem4f (.const:ti_sysbios_gates_GateMutex_Module__diagsMask__C)
                  0000bb84    00000004     empty_pem4f.oem4f (.const:ti_sysbios_hal_Hwi_E_stackOverflow__C)
                  0000bb88    00000004     empty_pem4f.oem4f (.const:ti_sysbios_heaps_HeapMem_A_align__C)
                  0000bb8c    00000004     empty_pem4f.oem4f (.const:ti_sysbios_heaps_HeapMem_A_heapSize__C)
                  0000bb90    00000004     empty_pem4f.oem4f (.const:ti_sysbios_heaps_HeapMem_A_invalidFree__C)
                  0000bb94    00000004     empty_pem4f.oem4f (.const:ti_sysbios_heaps_HeapMem_A_zeroBlock__C)
                  0000bb98    00000004     empty_pem4f.oem4f (.const:ti_sysbios_heaps_HeapMem_E_memory__C)
                  0000bb9c    00000004     empty_pem4f.oem4f (.const:ti_sysbios_heaps_HeapMem_Module__diagsEnabled__C)
                  0000bba0    00000004     empty_pem4f.oem4f (.const:ti_sysbios_heaps_HeapMem_Module__diagsIncluded__C)
                  0000bba4    00000004     empty_pem4f.oem4f (.const:ti_sysbios_heaps_HeapMem_Module__diagsMask__C)
                  0000bba8    00000004     empty_pem4f.oem4f (.const:ti_sysbios_heaps_HeapMem_Module__gateObj__C)
                  0000bbac    00000004     empty_pem4f.oem4f (.const:ti_sysbios_heaps_HeapMem_Object__count__C)
                  0000bbb0    00000004     empty_pem4f.oem4f (.const:ti_sysbios_heaps_HeapMem_reqAlign__C)
                  0000bbb4    00000004     empty_pem4f.oem4f (.const:ti_sysbios_knl_Clock_A_badThreadType__C)
                  0000bbb8    00000004     empty_pem4f.oem4f (.const:ti_sysbios_knl_Clock_Module_State_clockQ__O)
                  0000bbbc    00000004     empty_pem4f.oem4f (.const:ti_sysbios_knl_Clock_Module__diagsEnabled__C)
                  0000bbc0    00000004     empty_pem4f.oem4f (.const:ti_sysbios_knl_Clock_Module__diagsIncluded__C)
                  0000bbc4    00000004     empty_pem4f.oem4f (.const:ti_sysbios_knl_Clock_Module__diagsMask__C)
                  0000bbc8    00000004     empty_pem4f.oem4f (.const:ti_sysbios_knl_Clock_tickPeriod__C)
                  0000bbcc    00000004     empty_pem4f.oem4f (.const:ti_sysbios_knl_Mailbox_A_invalidBufSize__C)
                  0000bbd0    00000004     empty_pem4f.oem4f (.const:ti_sysbios_knl_Mailbox_Instance_State_dataQue__O)
                  0000bbd4    00000004     empty_pem4f.oem4f (.const:ti_sysbios_knl_Mailbox_Instance_State_dataSem__O)
                  0000bbd8    00000004     empty_pem4f.oem4f (.const:ti_sysbios_knl_Mailbox_Instance_State_freeQue__O)
                  0000bbdc    00000004     empty_pem4f.oem4f (.const:ti_sysbios_knl_Mailbox_Instance_State_freeSem__O)
                  0000bbe0    00000004     empty_pem4f.oem4f (.const:ti_sysbios_knl_Mailbox_Module__diagsEnabled__C)
                  0000bbe4    00000004     empty_pem4f.oem4f (.const:ti_sysbios_knl_Mailbox_Module__diagsIncluded__C)
                  0000bbe8    00000004     empty_pem4f.oem4f (.const:ti_sysbios_knl_Mailbox_Module__diagsMask__C)
                  0000bbec    00000004     empty_pem4f.oem4f (.const:ti_sysbios_knl_Mailbox_Object__count__C)
                  0000bbf0    00000004     empty_pem4f.oem4f (.const:ti_sysbios_knl_Mailbox_maxTypeAlign__C)
                  0000bbf4    00000004     empty_pem4f.oem4f (.const:ti_sysbios_knl_Semaphore_A_badContext__C)
                  0000bbf8    00000004     empty_pem4f.oem4f (.const:ti_sysbios_knl_Semaphore_A_noEvents__C)
                  0000bbfc    00000004     empty_pem4f.oem4f (.const:ti_sysbios_knl_Semaphore_A_overflow__C)
                  0000bc00    00000004     empty_pem4f.oem4f (.const:ti_sysbios_knl_Semaphore_A_pendTaskDisabled__C)
                  0000bc04    00000004     empty_pem4f.oem4f (.const:ti_sysbios_knl_Semaphore_Instance_State_pendQ__O)
                  0000bc08    00000004     empty_pem4f.oem4f (.const:ti_sysbios_knl_Semaphore_Module__diagsEnabled__C)
                  0000bc0c    00000004     empty_pem4f.oem4f (.const:ti_sysbios_knl_Semaphore_Module__diagsIncluded__C)
                  0000bc10    00000004     empty_pem4f.oem4f (.const:ti_sysbios_knl_Semaphore_Module__diagsMask__C)
                  0000bc14    00000004     empty_pem4f.oem4f (.const:ti_sysbios_knl_Swi_Object__count__C)
                  0000bc18    00000004     empty_pem4f.oem4f (.const:ti_sysbios_knl_Task_A_badPriority__C)
                  0000bc1c    00000004     empty_pem4f.oem4f (.const:ti_sysbios_knl_Task_A_badTaskState__C)
                  0000bc20    00000004     empty_pem4f.oem4f (.const:ti_sysbios_knl_Task_A_badThreadType__C)
                  0000bc24    00000004     empty_pem4f.oem4f (.const:ti_sysbios_knl_Task_A_badTimeout__C)
                  0000bc28    00000004     empty_pem4f.oem4f (.const:ti_sysbios_knl_Task_A_noPendElem__C)
                  0000bc2c    00000004     empty_pem4f.oem4f (.const:ti_sysbios_knl_Task_A_sleepTaskDisabled__C)
                  0000bc30    00000004     empty_pem4f.oem4f (.const:ti_sysbios_knl_Task_E_spOutOfBounds__C)
                  0000bc34    00000004     empty_pem4f.oem4f (.const:ti_sysbios_knl_Task_E_stackOverflow__C)
                  0000bc38    00000004     empty_pem4f.oem4f (.const:ti_sysbios_knl_Task_Module_State_inactiveQ__O)
                  0000bc3c    00000004     empty_pem4f.oem4f (.const:ti_sysbios_knl_Task_Module__diagsEnabled__C)
                  0000bc40    00000004     empty_pem4f.oem4f (.const:ti_sysbios_knl_Task_Module__diagsIncluded__C)
                  0000bc44    00000004     empty_pem4f.oem4f (.const:ti_sysbios_knl_Task_Module__diagsMask__C)
                  0000bc48    00000004     empty_pem4f.oem4f (.const:ti_sysbios_knl_Task_Object__count__C)
                  0000bc4c    00000004     empty_pem4f.oem4f (.const:ti_sysbios_knl_Task_allBlockedFunc__C)
                  0000bc50    00000004     empty_pem4f.oem4f (.const:ti_sysbios_knl_Task_defaultStackHeap__C)
                  0000bc54    00000004     empty_pem4f.oem4f (.const:ti_sysbios_knl_Task_defaultStackSize__C)
                  0000bc58    00000004     empty_pem4f.oem4f (.const:ti_sysbios_knl_Task_numConstructedTasks__C)
                  0000bc5c    00000004     empty_pem4f.oem4f (.const:xdc_runtime_Assert_E_assertFailed__C)
                  0000bc60    00000004     empty_pem4f.oem4f (.const:xdc_runtime_Core_A_initializedParams__C)
                  0000bc64    00000004     empty_pem4f.oem4f (.const:xdc_runtime_Core_Module__diagsEnabled__C)
                  0000bc68    00000004     empty_pem4f.oem4f (.const:xdc_runtime_Core_Module__diagsIncluded__C)
                  0000bc6c    00000004     empty_pem4f.oem4f (.const:xdc_runtime_Core_Module__diagsMask__C)
                  0000bc70    00000004     empty_pem4f.oem4f (.const:xdc_runtime_Error_E_memory__C)
                  0000bc74    00000004     empty_pem4f.oem4f (.const:xdc_runtime_Error_Module__diagsEnabled__C)
                  0000bc78    00000004     empty_pem4f.oem4f (.const:xdc_runtime_Error_Module__diagsIncluded__C)
                  0000bc7c    00000004     empty_pem4f.oem4f (.const:xdc_runtime_Error_Module__diagsMask__C)
                  0000bc80    00000004     empty_pem4f.oem4f (.const:xdc_runtime_Error_Module__loggerFxn8__C)
                  0000bc84    00000004     empty_pem4f.oem4f (.const:xdc_runtime_Error_Module__loggerObj__C)
                  0000bc88    00000004     empty_pem4f.oem4f (.const:xdc_runtime_Error_policyFxn__C)
                  0000bc8c    00000004     empty_pem4f.oem4f (.const:xdc_runtime_Error_raiseHook__C)
                  0000bc90    00000004     empty_pem4f.oem4f (.const:xdc_runtime_IGateProvider_Interface__BASE__C)
                  0000bc94    00000004     empty_pem4f.oem4f (.const:xdc_runtime_IHeap_Interface__BASE__C)
                  0000bc98    00000004     empty_pem4f.oem4f (.const:xdc_runtime_IModule_Interface__BASE__C)
                  0000bc9c    00000004     empty_pem4f.oem4f (.const:xdc_runtime_Log_L_error__C)
                  0000bca0    00000004     empty_pem4f.oem4f (.const:xdc_runtime_Memory_defaultHeapInstance__C)
                  0000bca4    00000004     empty_pem4f.oem4f (.const:xdc_runtime_Startup_execImpl__C)
                  0000bca8    00000004     empty_pem4f.oem4f (.const:xdc_runtime_Startup_maxPasses__C)
                  0000bcac    00000004     empty_pem4f.oem4f (.const:xdc_runtime_Startup_sfxnRts__C)
                  0000bcb0    00000004     empty_pem4f.oem4f (.const:xdc_runtime_Startup_sfxnTab__C)
                  0000bcb4    00000004     empty_pem4f.oem4f (.const:xdc_runtime_SysMin_bufSize__C)
                  0000bcb8    00000004     empty_pem4f.oem4f (.const:xdc_runtime_SysMin_outputFunc__C)
                  0000bcbc    00000004     empty_pem4f.oem4f (.const:xdc_runtime_System_Module__gateObj__C)
                  0000bcc0    00000004     empty_pem4f.oem4f (.const:xdc_runtime_System_abortFxn__C)
                  0000bcc4    00000004     empty_pem4f.oem4f (.const:xdc_runtime_System_exitFxn__C)
                  0000bcc8    00000004     empty_pem4f.oem4f (.const:xdc_runtime_System_extendFxn__C)
                  0000bccc    00000004     empty_pem4f.oem4f (.const:xdc_runtime_System_maxAtexitHandlers__C)
                  0000bcd0    00000004     empty_pem4f.oem4f (.const:xdc_runtime_Text_charTab__C)
[...]
00009b59  ti_sysbios_knl_Clock_stop__E                                
00009b61  ti_sysbios_knl_Queue_Instance_init__E                       
00009b69  ti_sysbios_knl_Swi_startup__E                               
00009b6f  xdc_runtime_System_Module_startup__E                        
00009b79  ti_sysbios_gates_GateHwi_query__E                           
00009b79  xdc_runtime_Main_Module_GateProxy_query__E                  
00009b79  xdc_runtime_System_Module_GateProxy_query__E                
00009b81  ti_sysbios_BIOS_RtsGateProxy_query__E                       
00009b81  ti_sysbios_gates_GateMutex_query__E                         
00009b81  ti_sysbios_heaps_HeapMem_Module_GateProxy_query__E          
00009b89  ti_sysbios_knl_Clock_setTimeout__E                          
00009b91  ti_sysbios_knl_Task_startup__E                              
00009b99  ti_sysbios_BIOS_linkedWithIncorrectBootLibrary__E           
00009ba1  ti_sysbios_gates_GateHwi_Instance_init__E                   
00009ba9  ti_sysbios_knl_Clock_logTick__E                             
00009bac  xdc_runtime_Text_charTab__A                                 
0000b45c  xdc_runtime_Text_nodeTab__A                                 
0000b514  uartMSP432Baudrates                                         
0000b5cc  uartMSP432HWAttrs                                           
0000b614  ti_sysbios_knl_Task_Object__PARAMS__C                       
0000b650  ti_sysbios_knl_Mailbox_Object__PARAMS__C                    
0000b684  spiMSP432DMAHWAttrs                                         
0000b6b4  ti_sysbios_family_arm_m3_Hwi_Object__PARAMS__C              
0000b6e4  UARTMSP432_fxnTable                                         
0000b70c  SPIMSP432DMA_fxnTable                                       
0000b734  ti_sysbios_heaps_HeapMem_Module__FXNS__C                    
0000b75c  SPI_config                                                  
0000b780  UART_config                                                 
0000b7c8  ti_sysbios_gates_GateHwi_Module__FXNS__C                    
0000b7ec  ti_sysbios_gates_GateMutex_Module__FXNS__C                  
0000b810  ti_sysbios_heaps_HeapMem_Object__PARAMS__C                  
0000b834  ti_sysbios_knl_Clock_Object__PARAMS__C                      
0000b858  ti_sysbios_knl_Semaphore_Object__PARAMS__C                  
0000b87c  xdc_runtime_Startup_sfxnTab__A                              
0000b8a0  I2CMSP432_fxnTable                                          
0000b8c0  ti_sysbios_family_arm_m3_Hwi_Object__DESC__C                
0000b8e0  ti_sysbios_gates_GateHwi_Object__DESC__C                    
0000b900  ti_sysbios_gates_GateMutex_Object__DESC__C                  
0000b920  ti_sysbios_heaps_HeapMem_Object__DESC__C                    
0000b940  ti_sysbios_knl_Clock_Object__DESC__C                        
0000b960  ti_sysbios_knl_Mailbox_Object__DESC__C                      
0000b980  ti_sysbios_knl_Queue_Object__DESC__C                        
0000b9a0  ti_sysbios_knl_Semaphore_Object__DESC__C                    
0000b9c0  ti_sysbios_knl_Task_Object__DESC__C                         
0000b9e0  I2C_config                                                  
0000b9f8  SDSPI_config                                                
0000ba10  ti_sysbios_gates_GateHwi_Object__PARAMS__C                  
0000ba28  ti_sysbios_gates_GateMutex_Object__PARAMS__C                
0000ba40  ti_sysbios_knl_Queue_Object__PARAMS__C                      
0000ba58  GPIOMSP432_config                                           
0000ba6c  sdspiMSP432HWAttrs                                          
0000ba80  xdc_runtime_Startup_sfxnRts__A                              
0000ba92  ti_sysbios_family_arm_m3_Hwi_Module__id__C                  
0000ba94  PowerMSP432_config                                          
0000baa4  SDSPIMSP432_fxnTable                                        
0000bab4  i2cMSP432HWAttrs                                            
0000bad0  udmaMSP432HWAttrs                                           
0000badc  xdc_runtime_Startup_firstFxns__A                            
0000bae8  UDMAMSP432_config                                           
0000baf0  ti_sysbios_family_arm_m3_Hwi_excHookFuncs__A                
0000baf8  ti_sysbios_knl_Idle_funcList__A                             
0000bb00  ti_sysbios_knl_Idle_funcList__C                             
0000bb08  xdc_runtime_Startup_firstFxns__C                            
0000bb10  xdc_runtime_Startup_lastFxns__C                             
0000bb1d  xdc_runtime_Error_policy__C                                 
0000bb1e  ti_sysbios_gates_GateMutex_Module__id__C                    
0000bb20  ti_sysbios_family_arm_m3_Hwi_E_NMI__C                       
0000bb24  ti_sysbios_family_arm_m3_Hwi_E_alreadyDefined__C            
0000bb28  ti_sysbios_family_arm_m3_Hwi_E_busFault__C                  
0000bb2c  ti_sysbios_family_arm_m3_Hwi_E_debugMon__C                  
0000bb30  ti_sysbios_family_arm_m3_Hwi_E_hardFault__C                 
0000bb34  ti_sysbios_family_arm_m3_Hwi_E_memFault__C                  
0000bb38  ti_sysbios_family_arm_m3_Hwi_E_noIsr__C                     
0000bb3c  ti_sysbios_family_arm_m3_Hwi_E_reserved__C                  
0000bb40  ti_sysbios_family_arm_m3_Hwi_E_svCall__C                    
0000bb44  ti_sysbios_family_arm_m3_Hwi_E_usageFault__C                
0000bb48  ti_sysbios_family_arm_m3_Hwi_NUM_INTERRUPTS__C              
0000bb4c  ti_sysbios_family_arm_m3_Hwi_Object__count__C               
0000bb50  ti_sysbios_family_arm_m3_Hwi_ccr__C                         
0000bb54  ti_sysbios_family_arm_m3_Hwi_excHandlerFunc__C              
0000bb58  ti_sysbios_family_arm_m3_Hwi_excHookFuncs__C                
0000bb5c  ti_sysbios_family_arm_m3_Hwi_nullIsrFunc__C                 
0000bb60  ti_sysbios_family_arm_m3_Hwi_priGroup__C                    
0000bb64  ti_sysbios_family_arm_m3_TaskSupport_stackAlignment__C      
0000bb68  ti_sysbios_family_arm_msp432_Timer_numTimerDevices__C       
0000bb6c  ti_sysbios_family_arm_msp432_Timer_startupNeeded__C         
0000bb70  ti_sysbios_gates_GateMutex_A_badContext__C                  
0000bb74  ti_sysbios_gates_GateMutex_Instance_State_sem__O            
0000bb78  ti_sysbios_gates_GateMutex_Module__diagsEnabled__C          
0000bb7c  ti_sysbios_gates_GateMutex_Module__diagsIncluded__C         
0000bb80  ti_sysbios_gates_GateMutex_Module__diagsMask__C             
0000bb84  ti_sysbios_hal_Hwi_E_stackOverflow__C                       
0000bb88  ti_sysbios_heaps_HeapMem_A_align__C                         
0000bb8c  ti_sysbios_heaps_HeapMem_A_heapSize__C                      
0000bb90  ti_sysbios_heaps_HeapMem_A_invalidFree__C                   
0000bb94  ti_sysbios_heaps_HeapMem_A_zeroBlock__C                     
0000bb98  ti_sysbios_heaps_HeapMem_E_memory__C                        
0000bb9c  ti_sysbios_heaps_HeapMem_Module__diagsEnabled__C            
0000bba0  ti_sysbios_heaps_HeapMem_Module__diagsIncluded__C           
0000bba4  ti_sysbios_heaps_HeapMem_Module__diagsMask__C               
0000bba8  ti_sysbios_heaps_HeapMem_Module__gateObj__C                 
0000bbac  ti_sysbios_heaps_HeapMem_Object__count__C                   
0000bbb0  ti_sysbios_heaps_HeapMem_reqAlign__C                        
0000bbb4  ti_sysbios_knl_Clock_A_badThreadType__C                     
0000bbb8  ti_sysbios_knl_Clock_Module_State_clockQ__O                 
0000bbbc  ti_sysbios_knl_Clock_Module__diagsEnabled__C                
0000bbc0  ti_sysbios_knl_Clock_Module__diagsIncluded__C               
0000bbc4  ti_sysbios_knl_Clock_Module__diagsMask__C                   
0000bbc8  ti_sysbios_knl_Clock_tickPeriod__C                          
0000bbcc  ti_sysbios_knl_Mailbox_A_invalidBufSize__C                  
0000bbd0  ti_sysbios_knl_Mailbox_Instance_State_dataQue__O            
0000bbd4  ti_sysbios_knl_Mailbox_Instance_State_dataSem__O            
0000bbd8  ti_sysbios_knl_Mailbox_Instance_State_freeQue__O            
0000bbdc  ti_sysbios_knl_Mailbox_Instance_State_freeSem__O            
0000bbe0  ti_sysbios_knl_Mailbox_Module__diagsEnabled__C              
0000bbe4  ti_sysbios_knl_Mailbox_Module__diagsIncluded__C             
0000bbe8  ti_sysbios_knl_Mailbox_Module__diagsMask__C                 
0000bbec  ti_sysbios_knl_Mailbox_Object__count__C                     
0000bbf0  ti_sysbios_knl_Mailbox_maxTypeAlign__C                      
0000bbf4  ti_sysbios_knl_Semaphore_A_badContext__C                    
0000bbf8  ti_sysbios_knl_Semaphore_A_noEvents__C                      
0000bbfc  ti_sysbios_knl_Semaphore_A_overflow__C                      
0000bc00  ti_sysbios_knl_Semaphore_A_pendTaskDisabled__C              
0000bc04  ti_sysbios_knl_Semaphore_Instance_State_pendQ__O            
0000bc08  ti_sysbios_knl_Semaphore_Module__diagsEnabled__C            
0000bc0c  ti_sysbios_knl_Semaphore_Module__diagsIncluded__C           
0000bc10  ti_sysbios_knl_Semaphore_Module__diagsMask__C               
0000bc14  ti_sysbios_knl_Swi_Object__count__C                         
0000bc18  ti_sysbios_knl_Task_A_badPriority__C                        
0000bc1c  ti_sysbios_knl_Task_A_badTaskState__C                       
0000bc20  ti_sysbios_knl_Task_A_badThreadType__C                      
0000bc24  ti_sysbios_knl_Task_A_badTimeout__C                         
0000bc28  ti_sysbios_knl_Task_A_noPendElem__C                         
0000bc2c  ti_sysbios_knl_Task_A_sleepTaskDisabled__C                  
0000bc30  ti_sysbios_knl_Task_E_spOutOfBounds__C                      
0000bc34  ti_sysbios_knl_Task_E_stackOverflow__C                      
0000bc38  ti_sysbios_knl_Task_Module_State_inactiveQ__O               
0000bc3c  ti_sysbios_knl_Task_Module__diagsEnabled__C                 
0000bc40  ti_sysbios_knl_Task_Module__diagsIncluded__C                
0000bc44  ti_sysbios_knl_Task_Module__diagsMask__C                    
0000bc48  ti_sysbios_knl_Task_Object__count__C                        
0000bc4c  ti_sysbios_knl_Task_allBlockedFunc__C                       
0000bc50  ti_sysbios_knl_Task_defaultStackHeap__C                     
0000bc54  ti_sysbios_knl_Task_defaultStackSize__C                     
0000bc58  ti_sysbios_knl_Task_numConstructedTasks__C                  
0000bc5c  xdc_runtime_Assert_E_assertFailed__C                        
0000bc60  xdc_runtime_Core_A_initializedParams__C                     
0000bc64  xdc_runtime_Core_Module__diagsEnabled__C                    
0000bc68  xdc_runtime_Core_Module__diagsIncluded__C                   
0000bc6c  xdc_runtime_Core_Module__diagsMask__C                       
0000bc70  xdc_runtime_Error_E_memory__C                               
0000bc74  xdc_runtime_Error_Module__diagsEnabled__C                   
0000bc78  xdc_runtime_Error_Module__diagsIncluded__C                  
0000bc7c  xdc_runtime_Error_Module__diagsMask__C                      
0000bc80  xdc_runtime_Error_Module__loggerFxn8__C                     
0000bc84  xdc_runtime_Error_Module__loggerObj__C                      
0000bc88  xdc_runtime_Error_policyFxn__C                              
0000bc8c  xdc_runtime_Error_raiseHook__C                              
0000bc90  xdc_runtime_IGateProvider_Interface__BASE__C                
0000bc94  xdc_runtime_IHeap_Interface__BASE__C                        
0000bc98  xdc_runtime_IModule_Interface__BASE__C                      
0000bc9c  xdc_runtime_Log_L_error__C                                  
0000bca0  xdc_runtime_Memory_defaultHeapInstance__C                   
0000bca4  xdc_runtime_Startup_execImpl__C                             
0000bca8  xdc_runtime_Startup_maxPasses__C                            
0000bcac  xdc_runtime_Startup_sfxnRts__C                              
0000bcb0  xdc_runtime_Startup_sfxnTab__C                              
0000bcb4  xdc_runtime_SysMin_bufSize__C                               
0000bcb8  xdc_runtime_SysMin_outputFunc__C                            
0000bcbc  xdc_runtime_System_Module__gateObj__C                       
0000bcc0  xdc_runtime_System_abortFxn__C                              
0000bcc4  xdc_runtime_System_exitFxn__C                               
0000bcc8  xdc_runtime_System_extendFxn__C                             
0000bccc  xdc_runtime_System_maxAtexitHandlers__C                     
0000bcd0  xdc_runtime_Text_charTab__C                                 
0000bcd4  xdc_runtime_Text_nameEmpty__C                               
0000bcd8  xdc_runtime_Text_nameStatic__C                              
0000bcdc  xdc_runtime_Text_nameUnknown__C                             
0000bce0  xdc_runtime_Text_nodeTab__C                                 
0000bce4  xdc_runtime_Text_visitRopeFxn__C                            
0000bce8  ti_sysbios_hal_Hwi_Module__id__C                            
0000bcea  ti_sysbios_heaps_HeapMem_Module__id__C                      
0000bcec  ti_sysbios_knl_Clock_Module__id__C                          
0000bcee  ti_sysbios_knl_Mailbox_Module__id__C                        
0000bcf0  ti_sysbios_knl_Semaphore_Module__id__C                      
0000bcf2  ti_sysbios_knl_Task_Module__id__C                           
0000bcf4  xdc_runtime_Core_Module__id__C                              
0000bcf6  xdc_runtime_Error_Module__loggerDefined__C                  
0000bcf8  xdc_runtime_Error_maxDepth__C                               
0000bcfa  xdc_runtime_Memory_Module__id__C                            
0000bcfc  xdc_runtime_SysMin_flushAtExit__C                           
0000bcfe  xdc_runtime_Text_charCnt__C                                 
0000bd00  xdc_runtime_Text_isLoaded__C                                
0000bd02  xdc_runtime_Text_registryModsLastId__C                      
0000bd04  xdc_runtime_Text_unnamedModsLastId__C                       
0000bd08  __TI_static_base__                                          
0000bf48  __TI_Handler_Table_Base                                     
0000bf54  __TI_Handler_Table_Limit                                    
0000bf68  __TI_CINIT_Base                                             
0000bf80  __TI_CINIT_Limit                                            
20000000  ti_sysbios_family_arm_m3_Hwi_ramVectors                     
20000200  ti_sysbios_heaps_HeapMem_Instance_State_0_buf__A            
20000600  sdspiMSP432Objects                                          
20000854  mbx0                                                        
20000858  ti_sysbios_knl_Task_Instance_State_0_stack__A               
20000a58  heartbeatTaskStack                                          
20000c58  mbx0TaskStack                                               
20000e58  mbx1TaskStack                                               
20001058  mbx2TaskStack                                               
20001258  ti_sysbios_family_arm_m3_Hwi_dispatchTable                  
20001398  __CIOBUF_                                                   
200014b8  uartMSP432Objects                                           
200015b8  i2cMSP432Objects                                            
20001680  xdc_runtime_SysMin_Module_State_0_outbuf__A                 
20001700  spiMSP432DMAObjects                                         
20001770  heartbeatTaskStruct                                         
200017c0  mbx0TaskStruct                                              
20001810  mbx1TaskStruct                                              
20001860  mbx2TaskStruct                                              
200018b0  uartMSP432RingBuffer                                        
20001948  udmaMSP432Object                                            
20001954  PowerMSP432_perfLevels                                      
200019f0  ti_sysbios_knl_Swi_Module_State_0_readyQ__A                 
20001a70  ti_sysbios_knl_Task_Module_State_0_readyQ__A                
20001b40  ti_sysbios_family_arm_msp432_Timer_Object__table__V         
20001b90  ti_sysbios_knl_Task_Object__table__V                        
20001be0  ti_sysbios_gates_GateMutex_Object__table__V                 
20001c28  ti_sysbios_knl_Task_Module__state__V                        
20001c6c  ti_sysbios_family_arm_m3_Hwi_Module__state__V               
20001ca0  ti_sysbios_knl_Swi_Object__table__V                         
20001d04  ti_sysbios_knl_Clock_Module__state__V                       
20001d30  PowerMSP432_module                                          
20001d58  ti_sysbios_BIOS_Module__state__V                            
20001d7c  ti_sysbios_family_arm_msp432_Timer_Module_State_0_device__A 
20001d9c  ti_sysbios_family_arm_m3_Hwi_Object__table__V               
20001db8  ti_sysbios_heaps_HeapMem_Object__table__V                   
20001dd4  ti_sysbios_knl_Swi_Module__state__V                         
20001df0  gpioPinConfigs                                              
20001e00  ti_sysbios_family_arm_msp432_Timer_Module_State_0_handles__A
20001e10  __TI_cleanup_ptr                                            
20001e14  __TI_dtors_ptr                                              
20001e18  __TI_enable_exit_profile_output                             
20001e1c  ti_sysbios_family_arm_msp432_ClockFreqs_Module__state__V    
20001e28  ti_sysbios_family_arm_msp432_Timer_Module__state__V         
20001e34  xdc_runtime_SysMin_Module__state__V                         
20001e40  _lock                                                       
20001e44  _unlock                                                     
20001e50  gpioCallbackFunctions                                       
20001e58  ti_sysbios_family_arm_m3_Hwi_Module__root__V                
20001e60  ti_sysbios_gates_GateHwi_Module__root__V                    
20001e68  ti_sysbios_gates_GateHwi_Object__table__V                   
20001e70  ti_sysbios_gates_GateMutex_Module__root__V                  
20001e78  ti_sysbios_heaps_HeapMem_Module__root__V                    
20001e80  ti_sysbios_knl_Clock_Module__root__V                        
20001e88  ti_sysbios_knl_Mailbox_Module__root__V                      
20001e90  ti_sysbios_knl_Queue_Module__root__V                        
20001e98  ti_sysbios_knl_Semaphore_Module__root__V                    
20001ea0  ti_sysbios_knl_Task_Module__root__V                         
20001ea8  xdc_runtime_Registry_Module__state__V                       
20001eb0  xdc_runtime_Startup_Module__state__V                        
20001eb8  xdc_runtime_System_Module_State_0_atexitHandlers__A         
20001ec0  xdc_runtime_System_Module__state__V                         
20001edc  main_func_sp                                                
20001ee0  ti_sysbios_family_arm_m3_Hwi_Module_State_0_excContext__A   
20001ee4  ti_sysbios_family_arm_m3_Hwi_Module_State_0_excStack__A     
20001ee8  ti_sysbios_knl_Task_Module_State_0_idleTask__A              
20001eec  xdc_runtime_Memory_Module__state__V                         
20001ef0  ti_sysbios_family_arm_m3_Hwi_Module_State_0_excActive__A    
20001ef2  xdc_runtime_Error_Module__state__V                          
2000fd00  __stack                                                     
20010000  __STACK_END                                                 
4000480c  WDTCTL_SYM                                                  
e000e000  ti_sysbios_family_arm_m3_Hwi_nvic                           
ffffffff  __TI_pprof_out_hndl                                         
ffffffff  __TI_prof_data_size                                         
ffffffff  __TI_prof_data_start                                        
ffffffff  __binit__                                                   
ffffffff  __c_args__                                                  
ffffffff  binit                                                       
UNDEFED   SHT$$INIT_ARRAY$$Base                                       
UNDEFED   SHT$$INIT_ARRAY$$Limit                                      

[815 symbols]
